Archive member included to satisfy reference by file (symbol)

C:/ST/STM32CubeIDE_1.16.0/STM32CubeIDE/plugins/com.st.stm32cube.ide.mcu.externaltools.gnu-tools-for-stm32.12.3.rel1.win32_1.0.200.202406191623/tools/bin/../lib/gcc/arm-none-eabi/12.3.1/../../../../arm-none-eabi/lib/thumb/v7e-m+fp/hard\libc_nano.a(libc_a-exit.o)
                              C:/ST/STM32CubeIDE_1.16.0/STM32CubeIDE/plugins/com.st.stm32cube.ide.mcu.externaltools.gnu-tools-for-stm32.12.3.rel1.win32_1.0.200.202406191623/tools/bin/../lib/gcc/arm-none-eabi/12.3.1/../../../../arm-none-eabi/lib/thumb/v7e-m+fp/hard/crt0.o (exit)
C:/ST/STM32CubeIDE_1.16.0/STM32CubeIDE/plugins/com.st.stm32cube.ide.mcu.externaltools.gnu-tools-for-stm32.12.3.rel1.win32_1.0.200.202406191623/tools/bin/../lib/gcc/arm-none-eabi/12.3.1/../../../../arm-none-eabi/lib/thumb/v7e-m+fp/hard\libc_nano.a(libc_a-findfp.o)
                              C:/ST/STM32CubeIDE_1.16.0/STM32CubeIDE/plugins/com.st.stm32cube.ide.mcu.externaltools.gnu-tools-for-stm32.12.3.rel1.win32_1.0.200.202406191623/tools/bin/../lib/gcc/arm-none-eabi/12.3.1/../../../../arm-none-eabi/lib/thumb/v7e-m+fp/hard\libc_nano.a(libc_a-exit.o) (__stdio_exit_handler)
C:/ST/STM32CubeIDE_1.16.0/STM32CubeIDE/plugins/com.st.stm32cube.ide.mcu.externaltools.gnu-tools-for-stm32.12.3.rel1.win32_1.0.200.202406191623/tools/bin/../lib/gcc/arm-none-eabi/12.3.1/../../../../arm-none-eabi/lib/thumb/v7e-m+fp/hard\libc_nano.a(libc_a-fwalk.o)
                              C:/ST/STM32CubeIDE_1.16.0/STM32CubeIDE/plugins/com.st.stm32cube.ide.mcu.externaltools.gnu-tools-for-stm32.12.3.rel1.win32_1.0.200.202406191623/tools/bin/../lib/gcc/arm-none-eabi/12.3.1/../../../../arm-none-eabi/lib/thumb/v7e-m+fp/hard\libc_nano.a(libc_a-findfp.o) (_fwalk_sglue)
C:/ST/STM32CubeIDE_1.16.0/STM32CubeIDE/plugins/com.st.stm32cube.ide.mcu.externaltools.gnu-tools-for-stm32.12.3.rel1.win32_1.0.200.202406191623/tools/bin/../lib/gcc/arm-none-eabi/12.3.1/../../../../arm-none-eabi/lib/thumb/v7e-m+fp/hard\libc_nano.a(libc_a-stdio.o)
                              C:/ST/STM32CubeIDE_1.16.0/STM32CubeIDE/plugins/com.st.stm32cube.ide.mcu.externaltools.gnu-tools-for-stm32.12.3.rel1.win32_1.0.200.202406191623/tools/bin/../lib/gcc/arm-none-eabi/12.3.1/../../../../arm-none-eabi/lib/thumb/v7e-m+fp/hard\libc_nano.a(libc_a-findfp.o) (__sread)
C:/ST/STM32CubeIDE_1.16.0/STM32CubeIDE/plugins/com.st.stm32cube.ide.mcu.externaltools.gnu-tools-for-stm32.12.3.rel1.win32_1.0.200.202406191623/tools/bin/../lib/gcc/arm-none-eabi/12.3.1/../../../../arm-none-eabi/lib/thumb/v7e-m+fp/hard\libc_nano.a(libc_a-memset.o)
                              C:/ST/STM32CubeIDE_1.16.0/STM32CubeIDE/plugins/com.st.stm32cube.ide.mcu.externaltools.gnu-tools-for-stm32.12.3.rel1.win32_1.0.200.202406191623/tools/bin/../lib/gcc/arm-none-eabi/12.3.1/../../../../arm-none-eabi/lib/thumb/v7e-m+fp/hard/crt0.o (memset)
C:/ST/STM32CubeIDE_1.16.0/STM32CubeIDE/plugins/com.st.stm32cube.ide.mcu.externaltools.gnu-tools-for-stm32.12.3.rel1.win32_1.0.200.202406191623/tools/bin/../lib/gcc/arm-none-eabi/12.3.1/../../../../arm-none-eabi/lib/thumb/v7e-m+fp/hard\libc_nano.a(libc_a-closer.o)
                              C:/ST/STM32CubeIDE_1.16.0/STM32CubeIDE/plugins/com.st.stm32cube.ide.mcu.externaltools.gnu-tools-for-stm32.12.3.rel1.win32_1.0.200.202406191623/tools/bin/../lib/gcc/arm-none-eabi/12.3.1/../../../../arm-none-eabi/lib/thumb/v7e-m+fp/hard\libc_nano.a(libc_a-stdio.o) (_close_r)
C:/ST/STM32CubeIDE_1.16.0/STM32CubeIDE/plugins/com.st.stm32cube.ide.mcu.externaltools.gnu-tools-for-stm32.12.3.rel1.win32_1.0.200.202406191623/tools/bin/../lib/gcc/arm-none-eabi/12.3.1/../../../../arm-none-eabi/lib/thumb/v7e-m+fp/hard\libc_nano.a(libc_a-reent.o)
                              C:/ST/STM32CubeIDE_1.16.0/STM32CubeIDE/plugins/com.st.stm32cube.ide.mcu.externaltools.gnu-tools-for-stm32.12.3.rel1.win32_1.0.200.202406191623/tools/bin/../lib/gcc/arm-none-eabi/12.3.1/../../../../arm-none-eabi/lib/thumb/v7e-m+fp/hard\libc_nano.a(libc_a-closer.o) (errno)
C:/ST/STM32CubeIDE_1.16.0/STM32CubeIDE/plugins/com.st.stm32cube.ide.mcu.externaltools.gnu-tools-for-stm32.12.3.rel1.win32_1.0.200.202406191623/tools/bin/../lib/gcc/arm-none-eabi/12.3.1/../../../../arm-none-eabi/lib/thumb/v7e-m+fp/hard\libc_nano.a(libc_a-impure.o)
                              C:/ST/STM32CubeIDE_1.16.0/STM32CubeIDE/plugins/com.st.stm32cube.ide.mcu.externaltools.gnu-tools-for-stm32.12.3.rel1.win32_1.0.200.202406191623/tools/bin/../lib/gcc/arm-none-eabi/12.3.1/../../../../arm-none-eabi/lib/thumb/v7e-m+fp/hard\libc_nano.a(libc_a-reent.o) (_impure_ptr)
C:/ST/STM32CubeIDE_1.16.0/STM32CubeIDE/plugins/com.st.stm32cube.ide.mcu.externaltools.gnu-tools-for-stm32.12.3.rel1.win32_1.0.200.202406191623/tools/bin/../lib/gcc/arm-none-eabi/12.3.1/../../../../arm-none-eabi/lib/thumb/v7e-m+fp/hard\libc_nano.a(libc_a-lseekr.o)
[...]
Memory Configuration

Name             Origin             Length             Attributes
CCMRAM           0x10000000         0x00010000         xrw
RAM              0x20000000         0x00020000         xrw
FLASH            0x08000000         0x00080000         xr
*default*        0x00000000         0xffffffff

Linker script and memory map

LOAD C:/ST/STM32CubeIDE_1.16.0/STM32CubeIDE/plugins/com.st.stm32cube.ide.mcu.externaltools.gnu-tools-for-stm32.12.3.rel1.win32_1.0.200.202406191623/tools/bin/../lib/gcc/arm-none-eabi/12.3.1/thumb/v7e-m+fp/hard/crti.o
LOAD C:/ST/STM32CubeIDE_1.16.0/STM32CubeIDE/plugins/com.st.stm32cube.ide.mcu.externaltools.gnu-tools-for-stm32.12.3.rel1.win32_1.0.200.202406191623/tools/bin/../lib/gcc/arm-none-eabi/12.3.1/thumb/v7e-m+fp/hard/crtbegin.o
LOAD C:/ST/STM32CubeIDE_1.16.0/STM32CubeIDE/plugins/com.st.stm32cube.ide.mcu.externaltools.gnu-tools-for-stm32.12.3.rel1.win32_1.0.200.202406191623/tools/bin/../lib/gcc/arm-none-eabi/12.3.1/../../../../arm-none-eabi/lib/thumb/v7e-m+fp/hard/crt0.o
LOAD ./Core/Src/IO_Controller.o
LOAD ./Core/Src/ScanMap.o
LOAD ./Core/Src/application.o
LOAD ./Core/Src/common.o
LOAD ./Core/Src/flash.o
LOAD ./Core/Src/main.o
LOAD ./Core/Src/modbusRTU.o
LOAD ./Core/Src/motor_control.o
LOAD ./Core/Src/stm32f4xx_hal_msp.o
LOAD ./Core/Src/stm32f4xx_it.o
LOAD ./Core/Src/syscalls.o
LOAD ./Core/Src/sysmem.o
LOAD ./Core/Src/system_stm32f4xx.o
LOAD ./Core/Src/tick.o
LOAD ./Core/Startup/startup_stm32f407vetx.o
LOAD ./Drivers/STM32F4xx_HAL_Driver/Src/stm32f4xx_hal.o
LOAD ./Drivers/STM32F4xx_HAL_Driver/Src/stm32f4xx_hal_cortex.o
LOAD ./Drivers/STM32F4xx_HAL_Driver/Src/stm32f4xx_hal_dma.o
LOAD ./Drivers/STM32F4xx_HAL_Driver/Src/stm32f4xx_hal_dma_ex.o
LOAD ./Drivers/STM32F4xx_HAL_Driver/Src/stm32f4xx_hal_exti.o
LOAD ./Drivers/STM32F4xx_HAL_Driver/Src/stm32f4xx_hal_flash.o
LOAD ./Drivers/STM32F4xx_HAL_Driver/Src/stm32f4xx_hal_flash_ex.o
LOAD ./Drivers/STM32F4xx_HAL_Driver/Src/stm32f4xx_hal_flash_ramfunc.o
LOAD ./Drivers/STM32F4xx_HAL_Driver/Src/stm32f4xx_hal_gpio.o
LOAD ./Drivers/STM32F4xx_HAL_Driver/Src/stm32f4xx_hal_pwr.o
LOAD ./Drivers/STM32F4xx_HAL_Driver/Src/stm32f4xx_hal_pwr_ex.o
LOAD ./Drivers/STM32F4xx_HAL_Driver/Src/stm32f4xx_hal_rcc.o
LOAD ./Drivers/STM32F4xx_HAL_Driver/Src/stm32f4xx_hal_rcc_ex.o
LOAD ./Drivers/STM32F4xx_HAL_Driver/Src/stm32f4xx_hal_tim.o
LOAD ./Drivers/STM32F4xx_HAL_Driver/Src/stm32f4xx_hal_tim_ex.o
LOAD ./Drivers/STM32F4xx_HAL_Driver/Src/stm32f4xx_hal_uart.o
START GROUP
LOAD C:/ST/STM32CubeIDE_1.16.0/STM32CubeIDE/plugins/com.st.stm32cube.ide.mcu.externaltools.gnu-tools-for-stm32.12.3.rel1.win32_1.0.200.202406191623/tools/bin/../lib/gcc/arm-none-eabi/12.3.1/../../../../arm-none-eabi/lib/thumb/v7e-m+fp/hard\libc_nano.a
LOAD C:/ST/STM32CubeIDE_1.16.0/STM32CubeIDE/plugins/com.st.stm32cube.ide.mcu.externaltools.gnu-tools-for-stm32.12.3.rel1.win32_1.0.200.202406191623/tools/bin/../lib/gcc/arm-none-eabi/12.3.1/../../../../arm-none-eabi/lib/thumb/v7e-m+fp/hard\libm.a
END GROUP
START GROUP
LOAD C:/ST/STM32CubeIDE_1.16.0/STM32CubeIDE/plugins/com.st.stm32cube.ide.mcu.externaltools.gnu-tools-for-stm32.12.3.rel1.win32_1.0.200.202406191623/tools/bin/../lib/gcc/arm-none-eabi/12.3.1/thumb/v7e-m+fp/hard\libgcc.a
LOAD C:/ST/STM32CubeIDE_1.16.0/STM32CubeIDE/plugins/com.st.stm32cube.ide.mcu.externaltools.gnu-tools-for-stm32.12.3.rel1.win32_1.0.200.202406191623/tools/bin/../lib/gcc/arm-none-eabi/12.3.1/../../../../arm-none-eabi/lib/thumb/v7e-m+fp/hard\libc_nano.a
END GROUP
START GROUP
LOAD C:/ST/STM32CubeIDE_1.16.0/STM32CubeIDE/plugins/com.st.stm32cube.ide.mcu.externaltools.gnu-tools-for-stm32.12.3.rel1.win32_1.0.200.202406191623/tools/bin/../lib/gcc/arm-none-eabi/12.3.1/thumb/v7e-m+fp/hard\libgcc.a
LOAD C:/ST/STM32CubeIDE_1.16.0/STM32CubeIDE/plugins/com.st.stm32cube.ide.mcu.externaltools.gnu-tools-for-stm32.12.3.rel1.win32_1.0.200.202406191623/tools/bin/../lib/gcc/arm-none-eabi/12.3.1/../../../../arm-none-eabi/lib/thumb/v7e-m+fp/hard\libc_nano.a
LOAD C:/ST/STM32CubeIDE_1.16.0/STM32CubeIDE/plugins/com.st.stm32cube.ide.mcu.externaltools.gnu-tools-for-stm32.12.3.rel1.win32_1.0.200.202406191623/tools/bin/../lib/gcc/arm-none-eabi/12.3.1/../../../../arm-none-eabi/lib/thumb/v7e-m+fp/hard\libnosys.a
END GROUP
START GROUP
LOAD C:/ST/STM32CubeIDE_1.16.0/STM32CubeIDE/plugins/com.st.stm32cube.ide.mcu.externaltools.gnu-tools-for-stm32.12.3.rel1.win32_1.0.200.202406191623/tools/bin/../lib/gcc/arm-none-eabi/12.3.1/thumb/v7e-m+fp/hard\libgcc.a
LOAD C:/ST/STM32CubeIDE_1.16.0/STM32CubeIDE/plugins/com.st.stm32cube.ide.mcu.externaltools.gnu-tools-for-stm32.12.3.rel1.win32_1.0.200.202406191623/tools/bin/../lib/gcc/arm-none-eabi/12.3.1/../../../../arm-none-eabi/lib/thumb/v7e-m+fp/hard\libc_nano.a
LOAD C:/ST/STM32CubeIDE_1.16.0/STM32CubeIDE/plugins/com.st.stm32cube.ide.mcu.externaltools.gnu-tools-for-stm32.12.3.rel1.win32_1.0.200.202406191623/tools/bin/../lib/gcc/arm-none-eabi/12.3.1/../../../../arm-none-eabi/lib/thumb/v7e-m+fp/hard\libnosys.a
END GROUP
LOAD C:/ST/STM32CubeIDE_1.16.0/STM32CubeIDE/plugins/com.st.stm32cube.ide.mcu.externaltools.gnu-tools-for-stm32.12.3.rel1.win32_1.0.200.202406191623/tools/bin/../lib/gcc/arm-none-eabi/12.3.1/thumb/v7e-m+fp/hard/crtend.o
LOAD C:/ST/STM32CubeIDE_1.16.0/STM32CubeIDE/plugins/com.st.stm32cube.ide.mcu.externaltools.gnu-tools-for-stm32.12.3.rel1.win32_1.0.200.202406191623/tools/bin/../lib/gcc/arm-none-eabi/12.3.1/thumb/v7e-m+fp/hard/crtn.o
                0x20020000                        _estack = (ORIGIN (RAM) + LENGTH (RAM))
                0x00000200                        _Min_Heap_Size = 0x200
                0x00000400                        _Min_Stack_Size = 0x400

.isr_vector     0x08000000      0x188
                0x08000000                        . = ALIGN (0x4)
 *(.isr_vector)
 .isr_vector    0x08000000      0x188 ./Core/Startup/startup_stm32f407vetx.o
                0x08000000                g_pfnVectors
                0x08000188                        . = ALIGN (0x4)

.text           0x08000188     0xa668
                0x08000188                        . = ALIGN (0x4)
 *(.text)
 .text          0x08000188       0x40 C:/ST/STM32CubeIDE_1.16.0/STM32CubeIDE/plugins/com.st.stm32cube.ide.mcu.externaltools.gnu-tools-for-stm32.12.3.rel1.win32_1.0.200.202406191623/tools/bin/../lib/gcc/arm-none-eabi/12.3.1/thumb/v7e-m+fp/hard/crtbegin.o
 .text          0x080001c8      0x378 C:/ST/STM32CubeIDE_1.16.0/STM32CubeIDE/plugins/com.st.stm32cube.ide.mcu.externaltools.gnu-tools-for-stm32.12.3.rel1.win32_1.0.200.202406191623/tools/bin/../lib/gcc/arm-none-eabi/12.3.1/thumb/v7e-m+fp/hard\libgcc.a(_arm_addsubdf3.o)
                0x080001c8                __aeabi_drsub
                0x080001d0                __aeabi_dsub
                0x080001d0                __subdf3
                0x080001d4                __aeabi_dadd
                0x080001d4                __adddf3
                0x0800044c                __floatunsidf
                0x0800044c                __aeabi_ui2d
                0x0800046c                __floatsidf
                0x0800046c                __aeabi_i2d
                0x08000490                __aeabi_f2d
                0x08000490                __extendsfdf2
                0x080004d4                __floatundidf
                0x080004d4                __aeabi_ul2d
                0x080004e4                __floatdidf
                0x080004e4                __aeabi_l2d
 .text          0x08000540      0x424 C:/ST/STM32CubeIDE_1.16.0/STM32CubeIDE/plugins/com.st.stm32cube.ide.mcu.externaltools.gnu-tools-for-stm32.12.3.rel1.win32_1.0.200.202406191623/tools/bin/../lib/gcc/arm-none-eabi/12.3.1/thumb/v7e-m+fp/hard\libgcc.a(_arm_muldivdf3.o)
                0x08000540                __aeabi_dmul
                0x08000540                __muldf3
                0x08000794                __divdf3
                0x08000794                __aeabi_ddiv
 .text          0x08000964       0x40 C:/ST/STM32CubeIDE_1.16.0/STM32CubeIDE/plugins/com.st.stm32cube.ide.mcu.externaltools.gnu-tools-for-stm32.12.3.rel1.win32_1.0.200.202406191623/tools/bin/../lib/gcc/arm-none-eabi/12.3.1/thumb/v7e-m+fp/hard\libgcc.a(_arm_fixunsdfsi.o)
                0x08000964                __aeabi_d2uiz
                0x08000964                __fixunsdfsi
 .text          0x080009a4       0x30 C:/ST/STM32CubeIDE_1.16.0/STM32CubeIDE/plugins/com.st.stm32cube.ide.mcu.externaltools.gnu-tools-for-stm32.12.3.rel1.win32_1.0.200.202406191623/tools/bin/../lib/gcc/arm-none-eabi/12.3.1/thumb/v7e-m+fp/hard\libgcc.a(_aeabi_uldivmod.o)
                0x080009a4                __aeabi_uldivmod
 .text          0x080009d4      0x2bc C:/ST/STM32CubeIDE_1.16.0/STM32CubeIDE/plugins/com.st.stm32cube.ide.mcu.externaltools.gnu-tools-for-stm32.12.3.rel1.win32_1.0.200.202406191623/tools/bin/../lib/gcc/arm-none-eabi/12.3.1/thumb/v7e-m+fp/hard\libgcc.a(_udivmoddi4.o)
                0x080009d4                __udivmoddi4
 .text          0x08000c90        0x4 C:/ST/STM32CubeIDE_1.16.0/STM32CubeIDE/plugins/com.st.stm32cube.ide.mcu.externaltools.gnu-tools-for-stm32.12.3.rel1.win32_1.0.200.202406191623/tools/bin/../lib/gcc/arm-none-eabi/12.3.1/thumb/v7e-m+fp/hard\libgcc.a(_dvmd_tls.o)
                0x08000c90                __aeabi_idiv0
                0x08000c90                __aeabi_ldiv0
 *(.text*)
 .text.SetBips  0x08000c94       0x24 ./Core/Src/IO_Controller.o
                0x08000c94                SetBips
 .text.BipControl
                0x08000cb8       0xdc ./Core/Src/IO_Controller.o
                0x08000cb8                BipControl
 .text.SetPickRubber
                0x08000d94       0x84 ./Core/Src/IO_Controller.o
                0x08000d94                SetPickRubber
 .text.SetReleaseRubber
                0x08000e18       0x84 ./Core/Src/IO_Controller.o
                0x08000e18                SetReleaseRubber
 .text.PickRubber1
                0x08000e9c      0x344 ./Core/Src/IO_Controller.o
                0x08000e9c                PickRubber1
 .text.ReleaseRubber1
                0x080011e0      0x344 ./Core/Src/IO_Controller.o
                0x080011e0                ReleaseRubber1
 .text.PickRubber
                0x08001524       0xe0 ./Core/Src/IO_Controller.o
                0x08001524                PickRubber
 .text.ReleaseRubber
                0x08001604       0xe0 ./Core/Src/IO_Controller.o
                0x08001604                ReleaseRubber
 .text.Read_Tray_Data
                0x080016e4      0x17c ./Core/Src/ScanMap.o
                0x080016e4                Read_Tray_Data
 .text.Calculate_Tray_Point
                0x08001860      0x236 ./Core/Src/ScanMap.o
                0x08001860                Calculate_Tray_Point
 *fill*         0x08001a96        0x2 
 .text.Handle   0x08001a98      0x7c0 ./Core/Src/ScanMap.o
                0x08001a98                Handle
 .text.PlaceToTray
                0x08002258      0x154 ./Core/Src/ScanMap.o
                0x08002258                PlaceToTray
 .text.__NVIC_SystemReset
                0x080023ac       0x2c ./Core/Src/application.o
 .text.application_init
                0x080023d8       0xcc ./Core/Src/application.o
                0x080023d8                application_init
 .text.Try_go_home
                0x080024a4       0xc0 ./Core/Src/application.o
                0x080024a4                Try_go_home
 .text.Handle_popup
                0x08002564       0x50 ./Core/Src/application.o
                0x08002564                Handle_popup
 .text.Handle_main
                0x080025b4       0x50 ./Core/Src/application.o
                0x080025b4                Handle_main
 .text.Handle_motor
                0x08002604       0x68 ./Core/Src/application.o
                0x08002604                Handle_motor
 .text.Handle_reset
                0x0800266c       0x20 ./Core/Src/application.o
                0x0800266c                Handle_reset
 .text.Handle_start
                0x0800268c       0x1c ./Core/Src/application.o
                0x0800268c                Handle_start
 .text.Handle_stop
                0x080026a8       0x20 ./Core/Src/application.o
                0x080026a8                Handle_stop
 .text.Popup_handle_next
                0x080026c8        0xe ./Core/Src/application.o
                0x080026c8                Popup_handle_next
 .text.Popup_handle_stop
                0x080026d6        0xe ./Core/Src/application.o
                0x080026d6                Popup_handle_stop
 .text.task_timer6
                0x080026e4       0x50 ./Core/Src/application.o
                0x080026e4                task_timer6
 .text.task_timer7
                0x08002734       0x60 ./Core/Src/application.o
                0x08002734                task_timer7
 .text.application_run_main
                0x08002794       0x8c ./Core/Src/application.o
                0x08002794                application_run_main
 .text.HAL_GPIO_EXTI_Callback
                0x08002820       0x9c ./Core/Src/application.o
                0x08002820                HAL_GPIO_EXTI_Callback
 .text.SetBit   0x080028bc       0x68 ./Core/Src/common.o
                0x080028bc                SetBit
 .text.ClearBit
                0x08002924       0x6e ./Core/Src/common.o
                0x08002924                ClearBit
 *fill*         0x08002992        0x2 
 .text.GetSector
                0x08002994       0xb0 ./Core/Src/flash.o
                0x08002994                GetSector
 .text.Flash_Read_Data
                0x08002a44       0x3c ./Core/Src/flash.o
                0x08002a44                Flash_Read_Data
 .text.Flash_Write_Data
                0x08002a80      0x120 ./Core/Src/flash.o
                0x08002a80                Flash_Write_Data
 .text.main     0x08002ba0       0x42 ./Core/Src/main.o
                0x08002ba0                main
 *fill*         0x08002be2        0x2 
 .text.SystemClock_Config
                0x08002be4       0xd4 ./Core/Src/main.o
                0x08002be4                SystemClock_Config
 .text.MX_TIM1_Init
                0x08002cb8      0x104 ./Core/Src/main.o
 .text.MX_TIM2_Init
                0x08002dbc       0x9c ./Core/Src/main.o
 .text.MX_TIM3_Init
                0x08002e58       0xb0 ./Core/Src/main.o
 .text.MX_TIM5_Init
                0x08002f08       0xa0 ./Core/Src/main.o
 .text.MX_TIM6_Init
                0x08002fa8       0x6c ./Core/Src/main.o
 .text.MX_TIM7_Init
                0x08003014       0x6c ./Core/Src/main.o
 .text.MX_TIM8_Init
                0x08003080      0x104 ./Core/Src/main.o
 .text.MX_TIM9_Init
                0x08003184       0x78 ./Core/Src/main.o
 .text.MX_USART2_UART_Init
                0x080031fc       0x54 ./Core/Src/main.o
 .text.MX_DMA_Init
                0x08003250       0x40 ./Core/Src/main.o
 .text.MX_GPIO_Init
                0x08003290      0x280 ./Core/Src/main.o
 .text.Error_Handler
                0x08003510        0xc ./Core/Src/main.o
                0x08003510                Error_Handler
 .text.crc16    0x0800351c       0x78 ./Core/Src/modbusRTU.o
                0x0800351c                crc16
 .text.sendData
                0x08003594       0x58 ./Core/Src/modbusRTU.o
                0x08003594                sendData
 .text.modbusException
                0x080035ec       0x40 ./Core/Src/modbusRTU.o
                0x080035ec                modbusException
 .text.readHoldingRegs
                0x0800362c       0xe8 ./Core/Src/modbusRTU.o
                0x0800362c                readHoldingRegs
 .text.readInputRegs
                0x08003714       0xe8 ./Core/Src/modbusRTU.o
                0x08003714                readInputRegs
 .text.readCoils
                0x080037fc      0x15c ./Core/Src/modbusRTU.o
                0x080037fc                readCoils
 .text.readInputs
                0x08003958      0x160 ./Core/Src/modbusRTU.o
                0x08003958                readInputs
 .text.writeHoldingRegs
                0x08003ab8       0xf8 ./Core/Src/modbusRTU.o
                0x08003ab8                writeHoldingRegs
 .text.writeSingleReg
                0x08003bb0       0x94 ./Core/Src/modbusRTU.o
                0x08003bb0                writeSingleReg
 .text.writeSingleCoil
                0x08003c44       0xf4 ./Core/Src/modbusRTU.o
                0x08003c44                writeSingleCoil
 .text.writeMultiCoils
                0x08003d38      0x16c ./Core/Src/modbusRTU.o
                0x08003d38                writeMultiCoils
 .text.HAL_UARTEx_RxEventCallback
                0x08003ea4       0xc8 ./Core/Src/modbusRTU.o
                0x08003ea4                HAL_UARTEx_RxEventCallback
 .text.Set_Speed_Motor_x
                0x08003f6c       0x64 ./Core/Src/motor_control.o
                0x08003f6c                Set_Speed_Motor_x
 .text.Set_Speed_Motor_y
                0x08003fd0       0x64 ./Core/Src/motor_control.o
                0x08003fd0                Set_Speed_Motor_y
 .text.Set_Speed_Motor_z
                0x08004034       0x64 ./Core/Src/motor_control.o
                0x08004034                Set_Speed_Motor_z
 .text.excute_move_x_left
                0x08004098       0x24 ./Core/Src/motor_control.o
                0x08004098                excute_move_x_left
 .text.excute_move_x_right
                0x080040bc       0x24 ./Core/Src/motor_control.o
                0x080040bc                excute_move_x_right
 .text.excute_move_y_forward
                0x080040e0       0x24 ./Core/Src/motor_control.o
                0x080040e0                excute_move_y_forward
 .text.excute_move_y_backward
                0x08004104       0x24 ./Core/Src/motor_control.o
                0x08004104                excute_move_y_backward
 .text.excute_move_z_up
                0x08004128       0x24 ./Core/Src/motor_control.o
                0x08004128                excute_move_z_up
 .text.excute_move_z_down
                0x0800414c       0x24 ./Core/Src/motor_control.o
                0x0800414c                excute_move_z_down
 .text.move_x_left
                0x08004170       0x44 ./Core/Src/motor_control.o
                0x08004170                move_x_left
 .text.move_x_right
                0x080041b4       0x44 ./Core/Src/motor_control.o
                0x080041b4                move_x_right
 .text.move_y_forward
                0x080041f8       0x44 ./Core/Src/motor_control.o
                0x080041f8                move_y_forward
 .text.move_y_backward
                0x0800423c       0x44 ./Core/Src/motor_control.o
                0x0800423c                move_y_backward
 .text.move_z_up
                0x08004280       0x44 ./Core/Src/motor_control.o
                0x08004280                move_z_up
 .text.move_z_down
                0x080042c4       0x44 ./Core/Src/motor_control.o
                0x080042c4                move_z_down
 .text.abs_diff_u16
                0x08004308       0x36 ./Core/Src/motor_control.o
 *fill*         0x0800433e        0x2 
 .text.move_axis
                0x08004340      0x14c ./Core/Src/motor_control.o
                0x08004340                move_axis
 .text.move_axis1
                0x0800448c      0x154 ./Core/Src/motor_control.o
                0x0800448c                move_axis1
 .text.Control_motor_x
                0x080045e0      0x144 ./Core/Src/motor_control.o
                0x080045e0                Control_motor_x
 .text.Control_motor_y
                0x08004724      0x144 ./Core/Src/motor_control.o
                0x08004724                Control_motor_y
 .text.Control_motor_z
                0x08004868      0x144 ./Core/Src/motor_control.o
                0x08004868                Control_motor_z
 .text.Stop_motor_x
                0x080049ac       0xb8 ./Core/Src/motor_control.o
                0x080049ac                Stop_motor_x
 .text.Stop_motor_y
                0x08004a64       0xb8 ./Core/Src/motor_control.o
                0x08004a64                Stop_motor_y
 .text.Stop_motor_z
                0x08004b1c       0xb8 ./Core/Src/motor_control.o
                0x08004b1c                Stop_motor_z
 .text.AllAxisStop
                0x08004bd4       0x40 ./Core/Src/motor_control.o
 .text.wait_handler_stop
                0x08004c14       0x1e ./Core/Src/motor_control.o
                0x08004c14                wait_handler_stop
 *fill*         0x08004c32        0x2 
 .text.Set_HMI_X_Axis
                0x08004c34       0x20 ./Core/Src/motor_control.o
                0x08004c34                Set_HMI_X_Axis
 .text.Set_HMI_Y_Axis
                0x08004c54       0x20 ./Core/Src/motor_control.o
                0x08004c54                Set_HMI_Y_Axis
 .text.Set_HMI_Z_Axis
                0x08004c74       0x20 ./Core/Src/motor_control.o
                0x08004c74                Set_HMI_Z_Axis
 .text.Get_HMI_X_Axis
                0x08004c94       0x18 ./Core/Src/motor_control.o
                0x08004c94                Get_HMI_X_Axis
 .text.Get_HMI_Y_Axis
                0x08004cac       0x18 ./Core/Src/motor_control.o
                0x08004cac                Get_HMI_Y_Axis
 .text.Get_HMI_Z_Axis
                0x08004cc4       0x18 ./Core/Src/motor_control.o
                0x08004cc4                Get_HMI_Z_Axis
 .text.Handle_X_Left
                0x08004cdc       0x34 ./Core/Src/motor_control.o
                0x08004cdc                Handle_X_Left
 .text.Handle_X_Right
                0x08004d10       0x40 ./Core/Src/motor_control.o
                0x08004d10                Handle_X_Right
 .text.Handle_Y_Forward
                0x08004d50       0x40 ./Core/Src/motor_control.o
                0x08004d50                Handle_Y_Forward
 .text.Handle_Y_Backward
                0x08004d90       0x34 ./Core/Src/motor_control.o
                0x08004d90                Handle_Y_Backward
 .text.Handle_Z_Up
                0x08004dc4       0x34 ./Core/Src/motor_control.o
                0x08004dc4                Handle_Z_Up
 .text.Handle_Z_Down
                0x08004df8       0x40 ./Core/Src/motor_control.o
                0x08004df8                Handle_Z_Down
 .text.Handle_Set
                0x08004e38       0x4c ./Core/Src/motor_control.o
                0x08004e38                Handle_Set
 .text.Handle_Home
                0x08004e84       0xdc ./Core/Src/motor_control.o
                0x08004e84                Handle_Home
 .text.Handle_pick_handler1
                0x08004f60       0x2c ./Core/Src/motor_control.o
                0x08004f60                Handle_pick_handler1
 .text.Handle_release_handler1
                0x08004f8c       0x2c ./Core/Src/motor_control.o
                0x08004f8c                Handle_release_handler1
 .text.Handle_pick_handler2
                0x08004fb8       0x2c ./Core/Src/motor_control.o
                0x08004fb8                Handle_pick_handler2
 .text.Handle_release_handler2
                0x08004fe4       0x2c ./Core/Src/motor_control.o
                0x08004fe4                Handle_release_handler2
 .text.Handle_save1
                0x08005010      0x168 ./Core/Src/motor_control.o
                0x08005010                Handle_save1
 .text.Handle_save2
                0x08005178      0x16c ./Core/Src/motor_control.o
                0x08005178                Handle_save2
 .text.Handle_save3
                0x080052e4      0x16c ./Core/Src/motor_control.o
                0x080052e4                Handle_save3
 .text.Handle_load
                0x08005450       0x90 ./Core/Src/motor_control.o
                0x08005450                Handle_load
 .text.Handle_tray_rubber_p1
                0x080054e0       0x44 ./Core/Src/motor_control.o
                0x080054e0                Handle_tray_rubber_p1
 .text.Handle_tray_rubber_p2
                0x08005524       0x44 ./Core/Src/motor_control.o
                0x08005524                Handle_tray_rubber_p2
 .text.Handle_tray_rubber_p3
                0x08005568       0x44 ./Core/Src/motor_control.o
                0x08005568                Handle_tray_rubber_p3
 .text.Handle_tray1_p1
                0x080055ac       0x44 ./Core/Src/motor_control.o
                0x080055ac                Handle_tray1_p1
 .text.Handle_tray1_p2
                0x080055f0       0x44 ./Core/Src/motor_control.o
                0x080055f0                Handle_tray1_p2
 .text.Handle_tray1_p3
                0x08005634       0x44 ./Core/Src/motor_control.o
                0x08005634                Handle_tray1_p3
 .text.Handle_tray2_p1
                0x08005678       0x44 ./Core/Src/motor_control.o
                0x08005678                Handle_tray2_p1
 .text.Handle_tray2_p2
                0x080056bc       0x44 ./Core/Src/motor_control.o
                0x080056bc                Handle_tray2_p2
 .text.Handle_tray2_p3
                0x08005700       0x44 ./Core/Src/motor_control.o
                0x08005700                Handle_tray2_p3
 .text.Move_tray_rubber_p1
                0x08005744       0x4c ./Core/Src/motor_control.o
                0x08005744                Move_tray_rubber_p1
 .text.Move_tray_rubber_p2
                0x08005790       0x4c ./Core/Src/motor_control.o
                0x08005790                Move_tray_rubber_p2
 .text.Move_tray_rubber_p3
                0x080057dc       0x4c ./Core/Src/motor_control.o
                0x080057dc                Move_tray_rubber_p3
 .text.Move_tray1_p1
                0x08005828       0x4c ./Core/Src/motor_control.o
                0x08005828                Move_tray1_p1
 .text.Move_tray1_p2
                0x08005874       0x4c ./Core/Src/motor_control.o
                0x08005874                Move_tray1_p2
 .text.Move_tray1_p3
                0x080058c0       0x4c ./Core/Src/motor_control.o
                0x080058c0                Move_tray1_p3
 .text.Move_tray2_p1
                0x0800590c       0x4c ./Core/Src/motor_control.o
                0x0800590c                Move_tray2_p1
 .text.Move_tray2_p2
                0x08005958       0x4c ./Core/Src/motor_control.o
                0x08005958                Move_tray2_p2
 .text.Move_tray2_p3
                0x080059a4       0x4c ./Core/Src/motor_control.o
                0x080059a4                Move_tray2_p3
 .text.HAL_MspInit
                0x080059f0       0x50 ./Core/Src/stm32f4xx_hal_msp.o
                0x080059f0                HAL_MspInit
 .text.HAL_TIM_PWM_MspInit
                0x08005a40       0xa8 ./Core/Src/stm32f4xx_hal_msp.o
                0x08005a40                HAL_TIM_PWM_MspInit
 .text.HAL_TIM_Base_MspInit
                0x08005ae8      0x13c ./Core/Src/stm32f4xx_hal_msp.o
                0x08005ae8                HAL_TIM_Base_MspInit
 .text.HAL_TIM_MspPostInit
                0x08005c24      0x114 ./Core/Src/stm32f4xx_hal_msp.o
                0x08005c24                HAL_TIM_MspPostInit
 .text.HAL_UART_MspInit
                0x08005d38      0x104 ./Core/Src/stm32f4xx_hal_msp.o
                0x08005d38                HAL_UART_MspInit
 .text.NMI_Handler
                0x08005e3c        0x8 ./Core/Src/stm32f4xx_it.o
                0x08005e3c                NMI_Handler
 .text.HardFault_Handler
                0x08005e44        0x8 ./Core/Src/stm32f4xx_it.o
                0x08005e44                HardFault_Handler
 .text.MemManage_Handler
                0x08005e4c        0x8 ./Core/Src/stm32f4xx_it.o
                0x08005e4c                MemManage_Handler
 .text.BusFault_Handler
                0x08005e54        0x8 ./Core/Src/stm32f4xx_it.o
                0x08005e54                BusFault_Handler
 .text.UsageFault_Handler
                0x08005e5c        0x8 ./Core/Src/stm32f4xx_it.o
                0x08005e5c                UsageFault_Handler
 .text.SVC_Handler
                0x08005e64        0xe ./Core/Src/stm32f4xx_it.o
                0x08005e64                SVC_Handler
 .text.DebugMon_Handler
                0x08005e72        0xe ./Core/Src/stm32f4xx_it.o
                0x08005e72                DebugMon_Handler
 .text.PendSV_Handler
                0x08005e80        0xe ./Core/Src/stm32f4xx_it.o
                0x08005e80                PendSV_Handler
 .text.SysTick_Handler
                0x08005e8e        0xc ./Core/Src/stm32f4xx_it.o
                0x08005e8e                SysTick_Handler
 *fill*         0x08005e9a        0x2 
 .text.EXTI0_IRQHandler
                0x08005e9c       0x88 ./Core/Src/stm32f4xx_it.o
                0x08005e9c                EXTI0_IRQHandler
 .text.EXTI1_IRQHandler
                0x08005f24       0x9c ./Core/Src/stm32f4xx_it.o
                0x08005f24                EXTI1_IRQHandler
 .text.EXTI2_IRQHandler
                0x08005fc0       0x9c ./Core/Src/stm32f4xx_it.o
                0x08005fc0                EXTI2_IRQHandler
 .text.EXTI3_IRQHandler
                0x0800605c        0xe ./Core/Src/stm32f4xx_it.o
                0x0800605c                EXTI3_IRQHandler
 .text.EXTI4_IRQHandler
                0x0800606a        0xe ./Core/Src/stm32f4xx_it.o
                0x0800606a                EXTI4_IRQHandler
 .text.DMA1_Stream5_IRQHandler
                0x08006078       0x14 ./Core/Src/stm32f4xx_it.o
                0x08006078                DMA1_Stream5_IRQHandler
 .text.EXTI9_5_IRQHandler
                0x0800608c       0x24 ./Core/Src/stm32f4xx_it.o
                0x0800608c                EXTI9_5_IRQHandler
 .text.TIM1_BRK_TIM9_IRQHandler
                0x080060b0       0x34 ./Core/Src/stm32f4xx_it.o
                0x080060b0                TIM1_BRK_TIM9_IRQHandler
 .text.TIM2_IRQHandler
                0x080060e4       0x28 ./Core/Src/stm32f4xx_it.o
                0x080060e4                TIM2_IRQHandler
 .text.USART2_IRQHandler
                0x0800610c       0x14 ./Core/Src/stm32f4xx_it.o
                0x0800610c                USART2_IRQHandler
 .text.EXTI15_10_IRQHandler
                0x08006120       0x38 ./Core/Src/stm32f4xx_it.o
                0x08006120                EXTI15_10_IRQHandler
 .text.TIM5_IRQHandler
                0x08006158       0x28 ./Core/Src/stm32f4xx_it.o
                0x08006158                TIM5_IRQHandler
 .text.TIM6_DAC_IRQHandler
                0x08006180       0x18 ./Core/Src/stm32f4xx_it.o
                0x08006180                TIM6_DAC_IRQHandler
 .text.TIM7_IRQHandler
                0x08006198       0x24 ./Core/Src/stm32f4xx_it.o
                0x08006198                TIM7_IRQHandler
 .text.SystemInit
                0x080061bc       0x24 ./Core/Src/system_stm32f4xx.o
                0x080061bc                SystemInit
 .text.delay_us
                0x080061e0       0x30 ./Core/Src/tick.o
                0x080061e0                delay_us
 .text.Timer_Check
                0x08006210       0x48 ./Core/Src/tick.o
                0x08006210                Timer_Check
 .text.Reset_Handler
                0x08006258       0x50 ./Core/Startup/startup_stm32f407vetx.o
                0x08006258                Reset_Handler
 .text.Default_Handler
                0x080062a8        0x2 ./Core/Startup/startup_stm32f407vetx.o
                0x080062a8                RTC_Alarm_IRQHandler
                0x080062a8                HASH_RNG_IRQHandler
                0x080062a8                TIM8_CC_IRQHandler
                0x080062a8                TIM1_CC_IRQHandler
                0x080062a8                DMA2_Stream5_IRQHandler
                0x080062a8                PVD_IRQHandler
                0x080062a8                SDIO_IRQHandler
                0x080062a8                TAMP_STAMP_IRQHandler
                0x080062a8                CAN2_RX1_IRQHandler
                0x080062a8                TIM8_TRG_COM_TIM14_IRQHandler
                0x080062a8                TIM1_UP_TIM10_IRQHandler
                0x080062a8                TIM8_UP_TIM13_IRQHandler
                0x080062a8                I2C3_ER_IRQHandler
                0x080062a8                I2C2_EV_IRQHandler
                0x080062a8                DMA1_Stream2_IRQHandler
                0x080062a8                CAN1_RX0_IRQHandler
                0x080062a8                FPU_IRQHandler
                0x080062a8                OTG_HS_WKUP_IRQHandler
                0x080062a8                CAN2_SCE_IRQHandler
                0x080062a8                DMA2_Stream2_IRQHandler
                0x080062a8                SPI1_IRQHandler
                0x080062a8                DCMI_IRQHandler
                0x080062a8                CAN2_RX0_IRQHandler
                0x080062a8                DMA2_Stream3_IRQHandler
                0x080062a8                USART6_IRQHandler
                0x080062a8                USART3_IRQHandler
                0x080062a8                CAN1_RX1_IRQHandler
                0x080062a8                UART5_IRQHandler
                0x080062a8                DMA2_Stream0_IRQHandler
                0x080062a8                TIM4_IRQHandler
                0x080062a8                I2C1_EV_IRQHandler
                0x080062a8                DMA1_Stream6_IRQHandler
                0x080062a8                DMA1_Stream1_IRQHandler
                0x080062a8                UART4_IRQHandler
                0x080062a8                TIM3_IRQHandler
                0x080062a8                RCC_IRQHandler
                0x080062a8                TIM8_BRK_TIM12_IRQHandler
                0x080062a8                Default_Handler
                0x080062a8                ADC_IRQHandler
                0x080062a8                DMA1_Stream7_IRQHandler
                0x080062a8                CAN2_TX_IRQHandler
                0x080062a8                DMA2_Stream7_IRQHandler
                0x080062a8                I2C3_EV_IRQHandler
                0x080062a8                RTC_WKUP_IRQHandler
                0x080062a8                ETH_WKUP_IRQHandler
                0x080062a8                SPI2_IRQHandler
                0x080062a8                OTG_HS_EP1_IN_IRQHandler
                0x080062a8                DMA1_Stream0_IRQHandler
                0x080062a8                CAN1_TX_IRQHandler
                0x080062a8                FSMC_IRQHandler
                0x080062a8                ETH_IRQHandler
                0x080062a8                OTG_HS_EP1_OUT_IRQHandler
                0x080062a8                WWDG_IRQHandler
                0x080062a8                OTG_FS_WKUP_IRQHandler
                0x080062a8                TIM1_TRG_COM_TIM11_IRQHandler
                0x080062a8                OTG_HS_IRQHandler
                0x080062a8                I2C2_ER_IRQHandler
                0x080062a8                DMA2_Stream1_IRQHandler
                0x080062a8                CAN1_SCE_IRQHandler
                0x080062a8                FLASH_IRQHandler
                0x080062a8                DMA2_Stream4_IRQHandler
                0x080062a8                USART1_IRQHandler
                0x080062a8                OTG_FS_IRQHandler
                0x080062a8                SPI3_IRQHandler
                0x080062a8                DMA1_Stream4_IRQHandler
                0x080062a8                I2C1_ER_IRQHandler
                0x080062a8                DMA2_Stream6_IRQHandler
                0x080062a8                DMA1_Stream3_IRQHandler
 *fill*         0x080062aa        0x2 
 .text.HAL_Init
                0x080062ac       0x44 ./Drivers/STM32F4xx_HAL_Driver/Src/stm32f4xx_hal.o
                0x080062ac                HAL_Init
 .text.HAL_InitTick
                0x080062f0       0x60 ./Drivers/STM32F4xx_HAL_Driver/Src/stm32f4xx_hal.o
                0x080062f0                HAL_InitTick
 .text.HAL_IncTick
                0x08006350       0x28 ./Drivers/STM32F4xx_HAL_Driver/Src/stm32f4xx_hal.o
                0x08006350                HAL_IncTick
 .text.HAL_GetTick
                0x08006378       0x18 ./Drivers/STM32F4xx_HAL_Driver/Src/stm32f4xx_hal.o
                0x08006378                HAL_GetTick
 .text.HAL_Delay
                0x08006390       0x48 ./Drivers/STM32F4xx_HAL_Driver/Src/stm32f4xx_hal.o
                0x08006390                HAL_Delay
 .text.__NVIC_SetPriorityGrouping
                0x080063d8       0x48 ./Drivers/STM32F4xx_HAL_Driver/Src/stm32f4xx_hal_cortex.o
 .text.__NVIC_GetPriorityGrouping
                0x08006420       0x1c ./Drivers/STM32F4xx_HAL_Driver/Src/stm32f4xx_hal_cortex.o
 .text.__NVIC_EnableIRQ
                0x0800643c       0x3c ./Drivers/STM32F4xx_HAL_Driver/Src/stm32f4xx_hal_cortex.o
 .text.__NVIC_DisableIRQ
                0x08006478       0x48 ./Drivers/STM32F4xx_HAL_Driver/Src/stm32f4xx_hal_cortex.o
 .text.__NVIC_SetPriority
                0x080064c0       0x54 ./Drivers/STM32F4xx_HAL_Driver/Src/stm32f4xx_hal_cortex.o
 .text.NVIC_EncodePriority
                0x08006514       0x66 ./Drivers/STM32F4xx_HAL_Driver/Src/stm32f4xx_hal_cortex.o
 *fill*         0x0800657a        0x2 
 .text.SysTick_Config
                0x0800657c       0x44 ./Drivers/STM32F4xx_HAL_Driver/Src/stm32f4xx_hal_cortex.o
 .text.HAL_NVIC_SetPriorityGrouping
                0x080065c0       0x16 ./Drivers/STM32F4xx_HAL_Driver/Src/stm32f4xx_hal_cortex.o
                0x080065c0                HAL_NVIC_SetPriorityGrouping
 .text.HAL_NVIC_SetPriority
                0x080065d6       0x38 ./Drivers/STM32F4xx_HAL_Driver/Src/stm32f4xx_hal_cortex.o
                0x080065d6                HAL_NVIC_SetPriority
 .text.HAL_NVIC_EnableIRQ
                0x0800660e       0x1c ./Drivers/STM32F4xx_HAL_Driver/Src/stm32f4xx_hal_cortex.o
                0x0800660e                HAL_NVIC_EnableIRQ
 .text.HAL_NVIC_DisableIRQ
                0x0800662a       0x1c ./Drivers/STM32F4xx_HAL_Driver/Src/stm32f4xx_hal_cortex.o
                0x0800662a                HAL_NVIC_DisableIRQ
 .text.HAL_SYSTICK_Config
                0x08006646       0x18 ./Drivers/STM32F4xx_HAL_Driver/Src/stm32f4xx_hal_cortex.o
                0x08006646                HAL_SYSTICK_Config
 *fill*         0x0800665e        0x2 
 .text.HAL_DMA_Init
                0x08006660      0x15c ./Drivers/STM32F4xx_HAL_Driver/Src/stm32f4xx_hal_dma.o
                0x08006660                HAL_DMA_Init
 .text.HAL_DMA_Start_IT
                0x080067bc       0xb0 ./Drivers/STM32F4xx_HAL_Driver/Src/stm32f4xx_hal_dma.o
                0x080067bc                HAL_DMA_Start_IT
 .text.HAL_DMA_Abort
                0x0800686c       0xe0 ./Drivers/STM32F4xx_HAL_Driver/Src/stm32f4xx_hal_dma.o
                0x0800686c                HAL_DMA_Abort
 .text.HAL_DMA_Abort_IT
                0x0800694c       0x44 ./Drivers/STM32F4xx_HAL_Driver/Src/stm32f4xx_hal_dma.o
                0x0800694c                HAL_DMA_Abort_IT
 .text.HAL_DMA_IRQHandler
                0x08006990      0x314 ./Drivers/STM32F4xx_HAL_Driver/Src/stm32f4xx_hal_dma.o
                0x08006990                HAL_DMA_IRQHandler
 .text.DMA_SetConfig
                0x08006ca4       0x5c ./Drivers/STM32F4xx_HAL_Driver/Src/stm32f4xx_hal_dma.o
 .text.DMA_CalcBaseAndBitshift
                0x08006d00       0x6c ./Drivers/STM32F4xx_HAL_Driver/Src/stm32f4xx_hal_dma.o
 .text.DMA_CheckFifoParam
                0x08006d6c       0xf8 ./Drivers/STM32F4xx_HAL_Driver/Src/stm32f4xx_hal_dma.o
 .text.HAL_FLASH_Program
                0x08006e64       0xa4 ./Drivers/STM32F4xx_HAL_Driver/Src/stm32f4xx_hal_flash.o
                0x08006e64                HAL_FLASH_Program
 .text.HAL_FLASH_Unlock
                0x08006f08       0x44 ./Drivers/STM32F4xx_HAL_Driver/Src/stm32f4xx_hal_flash.o
                0x08006f08                HAL_FLASH_Unlock
 .text.HAL_FLASH_Lock
                0x08006f4c       0x20 ./Drivers/STM32F4xx_HAL_Driver/Src/stm32f4xx_hal_flash.o
                0x08006f4c                HAL_FLASH_Lock
 .text.HAL_FLASH_GetError
                0x08006f6c       0x18 ./Drivers/STM32F4xx_HAL_Driver/Src/stm32f4xx_hal_flash.o
                0x08006f6c                HAL_FLASH_GetError
 .text.FLASH_WaitForLastOperation
                0x08006f84       0x80 ./Drivers/STM32F4xx_HAL_Driver/Src/stm32f4xx_hal_flash.o
                0x08006f84                FLASH_WaitForLastOperation
 .text.FLASH_Program_DoubleWord
                0x08007004       0x64 ./Drivers/STM32F4xx_HAL_Driver/Src/stm32f4xx_hal_flash.o
 .text.FLASH_Program_Word
                0x08007068       0x44 ./Drivers/STM32F4xx_HAL_Driver/Src/stm32f4xx_hal_flash.o
 .text.FLASH_Program_HalfWord
                0x080070ac       0x48 ./Drivers/STM32F4xx_HAL_Driver/Src/stm32f4xx_hal_flash.o
 .text.FLASH_Program_Byte
                0x080070f4       0x44 ./Drivers/STM32F4xx_HAL_Driver/Src/stm32f4xx_hal_flash.o
 .text.FLASH_SetErrorCode
                0x08007138       0xac ./Drivers/STM32F4xx_HAL_Driver/Src/stm32f4xx_hal_flash.o
 .text.HAL_FLASHEx_Erase
                0x080071e4       0xdc ./Drivers/STM32F4xx_HAL_Driver/Src/stm32f4xx_hal_flash_ex.o
                0x080071e4                HAL_FLASHEx_Erase
 .text.FLASH_MassErase
                0x080072c0       0x48 ./Drivers/STM32F4xx_HAL_Driver/Src/stm32f4xx_hal_flash_ex.o
 .text.FLASH_Erase_Sector
                0x08007308       0x90 ./Drivers/STM32F4xx_HAL_Driver/Src/stm32f4xx_hal_flash_ex.o
                0x08007308                FLASH_Erase_Sector
 .text.FLASH_FlushCaches
                0x08007398       0x8c ./Drivers/STM32F4xx_HAL_Driver/Src/stm32f4xx_hal_flash_ex.o
                0x08007398                FLASH_FlushCaches
 .text.HAL_GPIO_Init
                0x08007424      0x338 ./Drivers/STM32F4xx_HAL_Driver/Src/stm32f4xx_hal_gpio.o
                0x08007424                HAL_GPIO_Init
 .text.HAL_GPIO_ReadPin
                0x0800775c       0x30 ./Drivers/STM32F4xx_HAL_Driver/Src/stm32f4xx_hal_gpio.o
                0x0800775c                HAL_GPIO_ReadPin
 .text.HAL_GPIO_WritePin
                0x0800778c       0x32 ./Drivers/STM32F4xx_HAL_Driver/Src/stm32f4xx_hal_gpio.o
                0x0800778c                HAL_GPIO_WritePin
 .text.HAL_GPIO_TogglePin
                0x080077be       0x34 ./Drivers/STM32F4xx_HAL_Driver/Src/stm32f4xx_hal_gpio.o
                0x080077be                HAL_GPIO_TogglePin
 *fill*         0x080077f2        0x2 
 .text.HAL_GPIO_EXTI_IRQHandler
                0x080077f4       0x30 ./Drivers/STM32F4xx_HAL_Driver/Src/stm32f4xx_hal_gpio.o
                0x080077f4                HAL_GPIO_EXTI_IRQHandler
 .text.HAL_RCC_OscConfig
                0x08007824      0x4f0 ./Drivers/STM32F4xx_HAL_Driver/Src/stm32f4xx_hal_rcc.o
                0x08007824                HAL_RCC_OscConfig
 .text.HAL_RCC_ClockConfig
                0x08007d14      0x1cc ./Drivers/STM32F4xx_HAL_Driver/Src/stm32f4xx_hal_rcc.o
                0x08007d14                HAL_RCC_ClockConfig
 .text.HAL_RCC_GetSysClockFreq
                0x08007ee0      0x20c ./Drivers/STM32F4xx_HAL_Driver/Src/stm32f4xx_hal_rcc.o
                0x08007ee0                HAL_RCC_GetSysClockFreq
 .text.HAL_RCC_GetHCLKFreq
                0x080080ec       0x18 ./Drivers/STM32F4xx_HAL_Driver/Src/stm32f4xx_hal_rcc.o
                0x080080ec                HAL_RCC_GetHCLKFreq
 .text.HAL_RCC_GetPCLK1Freq
                0x08008104       0x28 ./Drivers/STM32F4xx_HAL_Driver/Src/stm32f4xx_hal_rcc.o
                0x08008104                HAL_RCC_GetPCLK1Freq
 .text.HAL_RCC_GetPCLK2Freq
                0x0800812c       0x28 ./Drivers/STM32F4xx_HAL_Driver/Src/stm32f4xx_hal_rcc.o
                0x0800812c                HAL_RCC_GetPCLK2Freq
 .text.HAL_TIM_Base_Init
                0x08008154       0x9e ./Drivers/STM32F4xx_HAL_Driver/Src/stm32f4xx_hal_tim.o
                0x08008154                HAL_TIM_Base_Init
 *fill*         0x080081f2        0x2 
 .text.HAL_TIM_Base_Start_IT
                0x080081f4       0xe0 ./Drivers/STM32F4xx_HAL_Driver/Src/stm32f4xx_hal_tim.o
                0x080081f4                HAL_TIM_Base_Start_IT
 .text.HAL_TIM_PWM_Init
                0x080082d4       0x9e ./Drivers/STM32F4xx_HAL_Driver/Src/stm32f4xx_hal_tim.o
                0x080082d4                HAL_TIM_PWM_Init
 *fill*         0x08008372        0x2 
 .text.HAL_TIM_PWM_Start
                0x08008374      0x190 ./Drivers/STM32F4xx_HAL_Driver/Src/stm32f4xx_hal_tim.o
                0x08008374                HAL_TIM_PWM_Start
 .text.HAL_TIM_PWM_Stop
                0x08008504       0xe0 ./Drivers/STM32F4xx_HAL_Driver/Src/stm32f4xx_hal_tim.o
                0x08008504                HAL_TIM_PWM_Stop
 .text.HAL_TIM_IRQHandler
                0x080085e4      0x1e0 ./Drivers/STM32F4xx_HAL_Driver/Src/stm32f4xx_hal_tim.o
                0x080085e4                HAL_TIM_IRQHandler
 .text.HAL_TIM_PWM_ConfigChannel
                0x080087c4      0x184 ./Drivers/STM32F4xx_HAL_Driver/Src/stm32f4xx_hal_tim.o
                0x080087c4                HAL_TIM_PWM_ConfigChannel
 .text.HAL_TIM_SlaveConfigSynchro
                0x08008948       0x84 ./Drivers/STM32F4xx_HAL_Driver/Src/stm32f4xx_hal_tim.o
                0x08008948                HAL_TIM_SlaveConfigSynchro
 .text.HAL_TIM_PeriodElapsedCallback
                0x080089cc       0x14 ./Drivers/STM32F4xx_HAL_Driver/Src/stm32f4xx_hal_tim.o
                0x080089cc                HAL_TIM_PeriodElapsedCallback
 .text.HAL_TIM_OC_DelayElapsedCallback
                0x080089e0       0x14 ./Drivers/STM32F4xx_HAL_Driver/Src/stm32f4xx_hal_tim.o
                0x080089e0                HAL_TIM_OC_DelayElapsedCallback
 .text.HAL_TIM_IC_CaptureCallback
                0x080089f4       0x14 ./Drivers/STM32F4xx_HAL_Driver/Src/stm32f4xx_hal_tim.o
                0x080089f4                HAL_TIM_IC_CaptureCallback
 .text.HAL_TIM_PWM_PulseFinishedCallback
                0x08008a08       0x14 ./Drivers/STM32F4xx_HAL_Driver/Src/stm32f4xx_hal_tim.o
                0x08008a08                HAL_TIM_PWM_PulseFinishedCallback
 .text.HAL_TIM_TriggerCallback
                0x08008a1c       0x14 ./Drivers/STM32F4xx_HAL_Driver/Src/stm32f4xx_hal_tim.o
                0x08008a1c                HAL_TIM_TriggerCallback
 .text.TIM_Base_SetConfig
                0x08008a30      0x14c ./Drivers/STM32F4xx_HAL_Driver/Src/stm32f4xx_hal_tim.o
                0x08008a30                TIM_Base_SetConfig
 .text.TIM_OC1_SetConfig
                0x08008b7c       0xe0 ./Drivers/STM32F4xx_HAL_Driver/Src/stm32f4xx_hal_tim.o
 .text.TIM_OC2_SetConfig
                0x08008c5c       0xec ./Drivers/STM32F4xx_HAL_Driver/Src/stm32f4xx_hal_tim.o
                0x08008c5c                TIM_OC2_SetConfig
 .text.TIM_OC3_SetConfig
                0x08008d48       0xe8 ./Drivers/STM32F4xx_HAL_Driver/Src/stm32f4xx_hal_tim.o
 .text.TIM_OC4_SetConfig
                0x08008e30       0xac ./Drivers/STM32F4xx_HAL_Driver/Src/stm32f4xx_hal_tim.o
 .text.TIM_SlaveTimer_SetConfig
                0x08008edc      0x122 ./Drivers/STM32F4xx_HAL_Driver/Src/stm32f4xx_hal_tim.o
 .text.TIM_TI1_ConfigInputStage
                0x08008ffe       0x5e ./Drivers/STM32F4xx_HAL_Driver/Src/stm32f4xx_hal_tim.o
 .text.TIM_TI2_ConfigInputStage
                0x0800905c       0x60 ./Drivers/STM32F4xx_HAL_Driver/Src/stm32f4xx_hal_tim.o
 .text.TIM_ETR_SetConfig
                0x080090bc       0x40 ./Drivers/STM32F4xx_HAL_Driver/Src/stm32f4xx_hal_tim.o
                0x080090bc                TIM_ETR_SetConfig
 .text.TIM_CCxChannelCmd
                0x080090fc       0x4a ./Drivers/STM32F4xx_HAL_Driver/Src/stm32f4xx_hal_tim.o
                0x080090fc                TIM_CCxChannelCmd
 *fill*         0x08009146        0x2 
 .text.HAL_TIMEx_MasterConfigSynchronization
                0x08009148       0xf8 ./Drivers/STM32F4xx_HAL_Driver/Src/stm32f4xx_hal_tim_ex.o
                0x08009148                HAL_TIMEx_MasterConfigSynchronization
 .text.HAL_TIMEx_ConfigBreakDeadTime
                0x08009240       0xa4 ./Drivers/STM32F4xx_HAL_Driver/Src/stm32f4xx_hal_tim_ex.o
                0x08009240                HAL_TIMEx_ConfigBreakDeadTime
 .text.HAL_TIMEx_CommutCallback
                0x080092e4       0x14 ./Drivers/STM32F4xx_HAL_Driver/Src/stm32f4xx_hal_tim_ex.o
                0x080092e4                HAL_TIMEx_CommutCallback
 .text.HAL_TIMEx_BreakCallback
                0x080092f8       0x14 ./Drivers/STM32F4xx_HAL_Driver/Src/stm32f4xx_hal_tim_ex.o
                0x080092f8                HAL_TIMEx_BreakCallback
 .text.HAL_UART_Init
                0x0800930c       0xa0 ./Drivers/STM32F4xx_HAL_Driver/Src/stm32f4xx_hal_uart.o
                0x0800930c                HAL_UART_Init
 .text.HAL_UART_Transmit
                0x080093ac      0x116 ./Drivers/STM32F4xx_HAL_Driver/Src/stm32f4xx_hal_uart.o
                0x080093ac                HAL_UART_Transmit
 .text.HAL_UARTEx_ReceiveToIdle_DMA
                0x080094c2       0xb2 ./Drivers/STM32F4xx_HAL_Driver/Src/stm32f4xx_hal_uart.o
                0x080094c2                HAL_UARTEx_ReceiveToIdle_DMA
 .text.HAL_UART_IRQHandler
                0x08009574      0x554 ./Drivers/STM32F4xx_HAL_Driver/Src/stm32f4xx_hal_uart.o
                0x08009574                HAL_UART_IRQHandler
 .text.HAL_UART_TxCpltCallback
                0x08009ac8       0x14 ./Drivers/STM32F4xx_HAL_Driver/Src/stm32f4xx_hal_uart.o
                0x08009ac8                HAL_UART_TxCpltCallback
 .text.HAL_UART_RxCpltCallback
                0x08009adc       0x14 ./Drivers/STM32F4xx_HAL_Driver/Src/stm32f4xx_hal_uart.o
                0x08009adc                HAL_UART_RxCpltCallback
 .text.HAL_UART_RxHalfCpltCallback
                0x08009af0       0x14 ./Drivers/STM32F4xx_HAL_Driver/Src/stm32f4xx_hal_uart.o
                0x08009af0                HAL_UART_RxHalfCpltCallback
 .text.HAL_UART_ErrorCallback
                0x08009b04       0x14 ./Drivers/STM32F4xx_HAL_Driver/Src/stm32f4xx_hal_uart.o
                0x08009b04                HAL_UART_ErrorCallback
 .text.UART_DMAReceiveCplt
                0x08009b18      0x12c ./Drivers/STM32F4xx_HAL_Driver/Src/stm32f4xx_hal_uart.o
 .text.UART_DMARxHalfCplt
                0x08009c44       0x3c ./Drivers/STM32F4xx_HAL_Driver/Src/stm32f4xx_hal_uart.o
 .text.UART_DMAError
                0x08009c80       0x94 ./Drivers/STM32F4xx_HAL_Driver/Src/stm32f4xx_hal_uart.o
 .text.UART_WaitOnFlagUntilTimeout
                0x08009d14       0xb2 ./Drivers/STM32F4xx_HAL_Driver/Src/stm32f4xx_hal_uart.o
 *fill*         0x08009dc6        0x2 
 .text.UART_Start_Receive_DMA
                0x08009dc8      0x14c ./Drivers/STM32F4xx_HAL_Driver/Src/stm32f4xx_hal_uart.o
                0x08009dc8                UART_Start_Receive_DMA
 .text.UART_EndTxTransfer
                0x08009f14       0x50 ./Drivers/STM32F4xx_HAL_Driver/Src/stm32f4xx_hal_uart.o
 .text.UART_EndRxTransfer
                0x08009f64       0xc6 ./Drivers/STM32F4xx_HAL_Driver/Src/stm32f4xx_hal_uart.o
 .text.UART_DMAAbortOnError
                0x0800a02a       0x22 ./Drivers/STM32F4xx_HAL_Driver/Src/stm32f4xx_hal_uart.o
 .text.UART_Transmit_IT
                0x0800a04c       0xa0 ./Drivers/STM32F4xx_HAL_Driver/Src/stm32f4xx_hal_uart.o
 .text.UART_EndTransmit_IT
                0x0800a0ec       0x30 ./Drivers/STM32F4xx_HAL_Driver/Src/stm32f4xx_hal_uart.o
 .text.UART_Receive_IT
                0x0800a11c      0x17c ./Drivers/STM32F4xx_HAL_Driver/Src/stm32f4xx_hal_uart.o
 .text.UART_SetConfig
                0x0800a298      0x4e8 ./Drivers/STM32F4xx_HAL_Driver/Src/stm32f4xx_hal_uart.o
 .text.memset   0x0800a780       0x10 C:/ST/STM32CubeIDE_1.16.0/STM32CubeIDE/plugins/com.st.stm32cube.ide.mcu.externaltools.gnu-tools-for-stm32.12.3.rel1.win32_1.0.200.202406191623/tools/bin/../lib/gcc/arm-none-eabi/12.3.1/../../../../arm-none-eabi/lib/thumb/v7e-m+fp/hard\libc_nano.a(libc_a-memset.o)
                0x0800a780                memset
 .text.__libc_init_array
                0x0800a790       0x48 C:/ST/STM32CubeIDE_1.16.0/STM32CubeIDE/plugins/com.st.stm32cube.ide.mcu.externaltools.gnu-tools-for-stm32.12.3.rel1.win32_1.0.200.202406191623/tools/bin/../lib/gcc/arm-none-eabi/12.3.1/../../../../arm-none-eabi/lib/thumb/v7e-m+fp/hard\libc_nano.a(libc_a-init.o)
                0x0800a790                __libc_init_array
 *(.glue_7)
 .glue_7        0x0800a7d8        0x0 linker stubs
 *(.glue_7t)
 .glue_7t       0x0800a7d8        0x0 linker stubs
 *(.eh_frame)
 .eh_frame      0x0800a7d8        0x0 C:/ST/STM32CubeIDE_1.16.0/STM32CubeIDE/plugins/com.st.stm32cube.ide.mcu.externaltools.gnu-tools-for-stm32.12.3.rel1.win32_1.0.200.202406191623/tools/bin/../lib/gcc/arm-none-eabi/12.3.1/thumb/v7e-m+fp/hard/crtbegin.o
 *(.init)
 .init          0x0800a7d8        0x4 C:/ST/STM32CubeIDE_1.16.0/STM32CubeIDE/plugins/com.st.stm32cube.ide.mcu.externaltools.gnu-tools-for-stm32.12.3.rel1.win32_1.0.200.202406191623/tools/bin/../lib/gcc/arm-none-eabi/12.3.1/thumb/v7e-m+fp/hard/crti.o
                0x0800a7d8                _init
 .init          0x0800a7dc        0x8 C:/ST/STM32CubeIDE_1.16.0/STM32CubeIDE/plugins/com.st.stm32cube.ide.mcu.externaltools.gnu-tools-for-stm32.12.3.rel1.win32_1.0.200.202406191623/tools/bin/../lib/gcc/arm-none-eabi/12.3.1/thumb/v7e-m+fp/hard/crtn.o
 *(.fini)
 .fini          0x0800a7e4        0x4 C:/ST/STM32CubeIDE_1.16.0/STM32CubeIDE/plugins/com.st.stm32cube.ide.mcu.externaltools.gnu-tools-for-stm32.12.3.rel1.win32_1.0.200.202406191623/tools/bin/../lib/gcc/arm-none-eabi/12.3.1/thumb/v7e-m+fp/hard/crti.o
                0x0800a7e4                _fini
 .fini          0x0800a7e8        0x8 C:/ST/STM32CubeIDE_1.16.0/STM32CubeIDE/plugins/com.st.stm32cube.ide.mcu.externaltools.gnu-tools-for-stm32.12.3.rel1.win32_1.0.200.202406191623/tools/bin/../lib/gcc/arm-none-eabi/12.3.1/thumb/v7e-m+fp/hard/crtn.o
                0x0800a7f0                        . = ALIGN (0x4)
                0x0800a7f0                        _etext = .

.vfp11_veneer   0x0800a7f0        0x0
 .vfp11_veneer  0x0800a7f0        0x0 linker stubs

.v4_bx          0x0800a7f0        0x0
 .v4_bx         0x0800a7f0        0x0 linker stubs

.iplt           0x0800a7f0        0x0
 .iplt          0x0800a7f0        0x0 C:/ST/STM32CubeIDE_1.16.0/STM32CubeIDE/plugins/com.st.stm32cube.ide.mcu.externaltools.gnu-tools-for-stm32.12.3.rel1.win32_1.0.200.202406191623/tools/bin/../lib/gcc/arm-none-eabi/12.3.1/thumb/v7e-m+fp/hard/crtbegin.o

.rodata         0x0800a7f0       0x24
                0x0800a7f0                        . = ALIGN (0x4)
 *(.rodata)
 *(.rodata*)
 .rodata.FlashStart
                0x0800a7f0        0x4 ./Core/Src/motor_control.o
                0x0800a7f0                FlashStart
 .rodata.AHBPrescTable
                0x0800a7f4       0x10 ./Core/Src/system_stm32f4xx.o
                0x0800a7f4                AHBPrescTable
 .rodata.APBPrescTable
                0x0800a804        0x8 ./Core/Src/system_stm32f4xx.o
                0x0800a804                APBPrescTable
 .rodata.flagBitshiftOffset.0
                0x0800a80c        0x8 ./Drivers/STM32F4xx_HAL_Driver/Src/stm32f4xx_hal_dma.o
                0x0800a814                        . = ALIGN (0x4)

.ARM.extab      0x0800a814        0x0
                0x0800a814                        . = ALIGN (0x4)
 *(.ARM.extab* .gnu.linkonce.armextab.*)
                0x0800a814                        . = ALIGN (0x4)

.ARM            0x0800a814        0x8
                0x0800a814                        . = ALIGN (0x4)
                0x0800a814                        __exidx_start = .
 *(.ARM.exidx*)
 .ARM.exidx     0x0800a814        0x8 C:/ST/STM32CubeIDE_1.16.0/STM32CubeIDE/plugins/com.st.stm32cube.ide.mcu.externaltools.gnu-tools-for-stm32.12.3.rel1.win32_1.0.200.202406191623/tools/bin/../lib/gcc/arm-none-eabi/12.3.1/thumb/v7e-m+fp/hard\libgcc.a(_udivmoddi4.o)
                0x0800a81c                        __exidx_end = .
                0x0800a81c                        . = ALIGN (0x4)

.preinit_array  0x0800a81c        0x0
                0x0800a81c                        . = ALIGN (0x4)
                0x0800a81c                        PROVIDE (__preinit_array_start = .)
 *(.preinit_array*)
                0x0800a81c                        PROVIDE (__preinit_array_end = .)
                0x0800a81c                        . = ALIGN (0x4)

.init_array     0x0800a81c        0x4
                0x0800a81c                        . = ALIGN (0x4)
                0x0800a81c                        PROVIDE (__init_array_start = .)
 *(SORT_BY_NAME(.init_array.*))
 *(.init_array*)
 .init_array    0x0800a81c        0x4 C:/ST/STM32CubeIDE_1.16.0/STM32CubeIDE/plugins/com.st.stm32cube.ide.mcu.externaltools.gnu-tools-for-stm32.12.3.rel1.win32_1.0.200.202406191623/tools/bin/../lib/gcc/arm-none-eabi/12.3.1/thumb/v7e-m+fp/hard/crtbegin.o
                0x0800a820                        PROVIDE (__init_array_end = .)
                0x0800a820                        . = ALIGN (0x4)

.fini_array     0x0800a820        0x4
                0x0800a820                        . = ALIGN (0x4)
                [!provide]                        PROVIDE (__fini_array_start = .)
 *(SORT_BY_NAME(.fini_array.*))
 *(.fini_array*)
 .fini_array    0x0800a820        0x4 C:/ST/STM32CubeIDE_1.16.0/STM32CubeIDE/plugins/com.st.stm32cube.ide.mcu.externaltools.gnu-tools-for-stm32.12.3.rel1.win32_1.0.200.202406191623/tools/bin/../lib/gcc/arm-none-eabi/12.3.1/thumb/v7e-m+fp/hard/crtbegin.o
                [!provide]                        PROVIDE (__fini_array_end = .)
                0x0800a824                        . = ALIGN (0x4)
                0x0800a824                        _sidata = LOADADDR (.data)

.rel.dyn        0x0800a824        0x0
 .rel.iplt      0x0800a824        0x0 C:/ST/STM32CubeIDE_1.16.0/STM32CubeIDE/plugins/com.st.stm32cube.ide.mcu.externaltools.gnu-tools-for-stm32.12.3.rel1.win32_1.0.200.202406191623/tools/bin/../lib/gcc/arm-none-eabi/12.3.1/thumb/v7e-m+fp/hard/crtbegin.o

.data           0x20000000      0xae0 load address 0x0800a824
                0x20000000                        . = ALIGN (0x4)
                0x20000000                        _sdata = .
 *(.data)
 *(.data*)
 .data.modeBip  0x20000000        0x1 ./Core/Src/IO_Controller.o
                0x20000000                modeBip
 *fill*         0x20000001        0x1 
 .data.TIME_SET_BIP_ON
                0x20000002        0x2 ./Core/Src/IO_Controller.o
                0x20000002                TIME_SET_BIP_ON
 .data.TIME_SET_BIP_OFF
                0x20000004        0x2 ./Core/Src/IO_Controller.o
                0x20000004                TIME_SET_BIP_OFF
 *fill*         0x20000006        0x2 
 .data.Rubber_Tray
                0x20000008      0x960 ./Core/Src/ScanMap.o
                0x20000008                Rubber_Tray
 .data.Rubber   0x20000968        0x4 ./Core/Src/ScanMap.o
                0x20000968                Rubber
 .data.TrayList
                0x2000096c        0x8 ./Core/Src/ScanMap.o
                0x2000096c                TrayList
 .data.Taskbar  0x20000974        0x4 ./Core/Src/application.o
                0x20000974                Taskbar
 .data.Tab_main
                0x20000978        0x4 ./Core/Src/application.o
                0x20000978                Tab_main
 .data.Tab_popup
                0x2000097c        0x4 ./Core/Src/application.o
                0x2000097c                Tab_popup
 .data.Tab_main_indicator
                0x20000980        0x4 ./Core/Src/application.o
                0x20000980                Tab_main_indicator
 .data.Tab_main_table
                0x20000984        0xc ./Core/Src/application.o
                0x20000984                Tab_main_table
 .data.Tab_popup_table
                0x20000990        0x8 ./Core/Src/application.o
                0x20000990                Tab_popup_table
 .data.Tab_motor_table
                0x20000998       0x64 ./Core/Src/application.o
                0x20000998                Tab_motor_table
 .data.Input_Registers_Database
                0x200009fc       0x64 ./Core/Src/modbusRTU.o
                0x200009fc                Input_Registers_Database
 .data.Control_motor
                0x20000a60        0x4 ./Core/Src/motor_control.o
                0x20000a60                Control_motor
 .data.Cylinder_and_save
                0x20000a64        0x4 ./Core/Src/motor_control.o
                0x20000a64                Cylinder_and_save
 .data.Rubber_and_tray
                0x20000a68        0x4 ./Core/Src/motor_control.o
                0x20000a68                Rubber_and_tray
 .data.Rubber_and_tray_indicator
                0x20000a6c        0x4 ./Core/Src/motor_control.o
                0x20000a6c                Rubber_and_tray_indicator
 .data.Control_Vacum_Indicator
                0x20000a70        0x4 ./Core/Src/motor_control.o
                0x20000a70                Control_Vacum_Indicator
 .data.Mark     0x20000a74        0x4 ./Core/Src/motor_control.o
                0x20000a74                Mark
 .data.Move_tray_table
                0x20000a78       0x24 ./Core/Src/motor_control.o
                0x20000a78                Move_tray_table
 .data.AxisX    0x20000a9c        0x8 ./Core/Src/motor_control.o
                0x20000a9c                AxisX
 .data.AxisY    0x20000aa4        0x8 ./Core/Src/motor_control.o
                0x20000aa4                AxisY
 .data.AxisZ    0x20000aac        0x8 ./Core/Src/motor_control.o
                0x20000aac                AxisZ
 .data.SystemCoreClock
                0x20000ab4        0x4 ./Core/Src/system_stm32f4xx.o
                0x20000ab4                SystemCoreClock
 .data.uwTickPrio
                0x20000ab8        0x4 ./Drivers/STM32F4xx_HAL_Driver/Src/stm32f4xx_hal.o
                0x20000ab8                uwTickPrio
 .data.uwTickFreq
                0x20000abc        0x1 ./Drivers/STM32F4xx_HAL_Driver/Src/stm32f4xx_hal.o
                0x20000abc                uwTickFreq
 *fill*         0x20000abd        0x3 
 .data.pFlash   0x20000ac0       0x20 ./Drivers/STM32F4xx_HAL_Driver/Src/stm32f4xx_hal_flash.o
                0x20000ac0                pFlash
 *(.RamFunc)
 *(.RamFunc*)
                0x20000ae0                        . = ALIGN (0x4)
                0x20000ae0                        _edata = .
                0x0800b304                        _siccmram = LOADADDR (.ccmram)

.igot.plt       0x20000ae0        0x0 load address 0x0800b304
 .igot.plt      0x20000ae0        0x0 C:/ST/STM32CubeIDE_1.16.0/STM32CubeIDE/plugins/com.st.stm32cube.ide.mcu.externaltools.gnu-tools-for-stm32.12.3.rel1.win32_1.0.200.202406191623/tools/bin/../lib/gcc/arm-none-eabi/12.3.1/thumb/v7e-m+fp/hard/crtbegin.o

.ccmram         0x10000000        0x0 load address 0x0800b304
                0x10000000                        . = ALIGN (0x4)
                0x10000000                        _sccmram = .
 *(.ccmram)
 *(.ccmram*)
                0x10000000                        . = ALIGN (0x4)
                0x10000000                        _eccmram = .
                0x10000000                        . = ALIGN (0x4)

.bss            0x20000ae0      0x9b8
                0x20000ae0                        _sbss = .
                0x20000ae0                        __bss_start__ = _sbss
 *(.bss)
 .bss           0x20000ae0       0x1c C:/ST/STM32CubeIDE_1.16.0/STM32CubeIDE/plugins/com.st.stm32cube.ide.mcu.externaltools.gnu-tools-for-stm32.12.3.rel1.win32_1.0.200.202406191623/tools/bin/../lib/gcc/arm-none-eabi/12.3.1/thumb/v7e-m+fp/hard/crtbegin.o
 *(.bss*)
 .bss.NumberBips
                0x20000afc        0x1 ./Core/Src/IO_Controller.o
                0x20000afc                NumberBips
 *fill*         0x20000afd        0x1 
 .bss.TimeDelayBip
                0x20000afe        0x2 ./Core/Src/IO_Controller.o
                0x20000afe                TimeDelayBip
 .bss.Handle_Pick
                0x20000b00        0xc ./Core/Src/IO_Controller.o
                0x20000b00                Handle_Pick
 .bss.Handle_Release
                0x20000b0c        0xc ./Core/Src/IO_Controller.o
                0x20000b0c                Handle_Release
 .bss.Tray1     0x20000b18       0xb4 ./Core/Src/ScanMap.o
                0x20000b18                Tray1
 .bss.Tray2     0x20000bcc       0xb4 ./Core/Src/ScanMap.o
                0x20000bcc                Tray2
 .bss.machine_state
                0x20000c80        0x1 ./Core/Src/ScanMap.o
                0x20000c80                machine_state
 .bss.prev_state
                0x20000c81        0x1 ./Core/Src/ScanMap.o
                0x20000c81                prev_state
 .bss.rubber_pair
                0x20000c82        0x2 ./Core/Src/ScanMap.o
                0x20000c82                rubber_pair
 .bss.tray_index
                0x20000c84        0x2 ./Core/Src/ScanMap.o
                0x20000c84                tray_index
 *fill*         0x20000c86        0x2 
 .bss.count_tray
                0x20000c88        0x2 ./Core/Src/ScanMap.o
                0x20000c88                count_tray
 .bss.flag_Stop
                0x20000c8a        0x1 ./Core/Src/application.o
                0x20000c8a                flag_Stop
 *fill*         0x20000c8b        0x1 
 .bss.htim1     0x20000c8c       0x48 ./Core/Src/main.o
                0x20000c8c                htim1
 .bss.htim2     0x20000cd4       0x48 ./Core/Src/main.o
                0x20000cd4                htim2
 .bss.htim3     0x20000d1c       0x48 ./Core/Src/main.o
                0x20000d1c                htim3
 .bss.htim5     0x20000d64       0x48 ./Core/Src/main.o
                0x20000d64                htim5
 .bss.htim6     0x20000dac       0x48 ./Core/Src/main.o
                0x20000dac                htim6
 .bss.htim7     0x20000df4       0x48 ./Core/Src/main.o
                0x20000df4                htim7
 .bss.htim8     0x20000e3c       0x48 ./Core/Src/main.o
                0x20000e3c                htim8
 .bss.htim9     0x20000e84       0x48 ./Core/Src/main.o
                0x20000e84                htim9
 .bss.huart2    0x20000ecc       0x48 ./Core/Src/main.o
                0x20000ecc                huart2
 .bss.hdma_usart2_rx
                0x20000f14       0x60 ./Core/Src/main.o
                0x20000f14                hdma_usart2_rx
 .bss.RxData    0x20000f74      0x100 ./Core/Src/modbusRTU.o
                0x20000f74                RxData
 .bss.TxData    0x20001074      0x100 ./Core/Src/modbusRTU.o
                0x20001074                TxData
 .bss.Inputs_Database
                0x20001174       0x32 ./Core/Src/modbusRTU.o
                0x20001174                Inputs_Database
 *fill*         0x200011a6        0x2 
 .bss.Coils_Database
                0x200011a8       0x19 ./Core/Src/modbusRTU.o
                0x200011a8                Coils_Database
 *fill*         0x200011c1        0x3 
 .bss.Holding_Registers_Database
                0x200011c4      0x258 ./Core/Src/modbusRTU.o
                0x200011c4                Holding_Registers_Database
 .bss.Rubber_Mark
                0x2000141c        0xc ./Core/Src/motor_control.o
                0x2000141c                Rubber_Mark
 .bss.Tray1_Mark
                0x20001428        0xc ./Core/Src/motor_control.o
                0x20001428                Tray1_Mark
 .bss.Tray2_Mark
                0x20001434        0xc ./Core/Src/motor_control.o
                0x20001434                Tray2_Mark
 .bss.data      0x20001440       0x28 ./Core/Src/motor_control.o
                0x20001440                data
 .bss.Tick      0x20001468        0x4 ./Core/Src/stm32f4xx_it.o
                0x20001468                Tick
 .bss.previousMillis.0
                0x2000146c       0x28 ./Core/Src/tick.o
 .bss.uwTick    0x20001494        0x4 ./Drivers/STM32F4xx_HAL_Driver/Src/stm32f4xx_hal.o
                0x20001494                uwTick
 *(COMMON)
                0x20001498                        . = ALIGN (0x4)
                0x20001498                        _ebss = .
                0x20001498                        __bss_end__ = _ebss

._user_heap_stack
                0x20001498      0x600
                0x20001498                        . = ALIGN (0x8)
                [!provide]                        PROVIDE (end = .)
                0x20001498                        PROVIDE (_end = .)
                0x20001698                        . = (. + _Min_Heap_Size)
 *fill*         0x20001498      0x200 
                0x20001a98                        . = (. + _Min_Stack_Size)
 *fill*         0x20001698      0x400 
                0x20001a98                        . = ALIGN (0x8)

/DISCARD/
 libc.a(*)
 libm.a(*)
 libgcc.a(*)

.ARM.attributes
                0x00000000       0x30
 *(.ARM.attributes)
 .ARM.attributes
                0x00000000       0x22 C:/ST/STM32CubeIDE_1.16.0/STM32CubeIDE/plugins/com.st.stm32cube.ide.mcu.externaltools.gnu-tools-for-stm32.12.3.rel1.win32_1.0.200.202406191623/tools/bin/../lib/gcc/arm-none-eabi/12.3.1/thumb/v7e-m+fp/hard/crti.o
 .ARM.attributes
                0x00000022       0x34 C:/ST/STM32CubeIDE_1.16.0/STM32CubeIDE/plugins/com.st.stm32cube.ide.mcu.externaltools.gnu-tools-for-stm32.12.3.rel1.win32_1.0.200.202406191623/tools/bin/../lib/gcc/arm-none-eabi/12.3.1/thumb/v7e-m+fp/hard/crtbegin.o
 .ARM.attributes
                0x00000056       0x34 ./Core/Src/IO_Controller.o
 .ARM.attributes
                0x0000008a       0x34 ./Core/Src/ScanMap.o
 .ARM.attributes
                0x000000be       0x34 ./Core/Src/application.o
 .ARM.attributes
                0x000000f2       0x34 ./Core/Src/common.o
 .ARM.attributes
                0x00000126       0x34 ./Core/Src/flash.o
 .ARM.attributes
                0x0000015a       0x34 ./Core/Src/main.o
 .ARM.attributes
                0x0000018e       0x34 ./Core/Src/modbusRTU.o
 .ARM.attributes
                0x000001c2       0x34 ./Core/Src/motor_control.o
 .ARM.attributes
                0x000001f6       0x34 ./Core/Src/stm32f4xx_hal_msp.o
 .ARM.attributes
                0x0000022a       0x34 ./Core/Src/stm32f4xx_it.o
 .ARM.attributes
                0x0000025e       0x34 ./Core/Src/system_stm32f4xx.o
 .ARM.attributes
                0x00000292       0x34 ./Core/Src/tick.o
 .ARM.attributes
                0x000002c6       0x21 ./Core/Startup/startup_stm32f407vetx.o
 .ARM.attributes
                0x000002e7       0x34 ./Drivers/STM32F4xx_HAL_Driver/Src/stm32f4xx_hal.o
 .ARM.attributes
                0x0000031b       0x34 ./Drivers/STM32F4xx_HAL_Driver/Src/stm32f4xx_hal_cortex.o
 .ARM.attributes
                0x0000034f       0x34 ./Drivers/STM32F4xx_HAL_Driver/Src/stm32f4xx_hal_dma.o
 .ARM.attributes
                0x00000383       0x34 ./Drivers/STM32F4xx_HAL_Driver/Src/stm32f4xx_hal_flash.o
 .ARM.attributes
                0x000003b7       0x34 ./Drivers/STM32F4xx_HAL_Driver/Src/stm32f4xx_hal_flash_ex.o
 .ARM.attributes
                0x000003eb       0x34 ./Drivers/STM32F4xx_HAL_Driver/Src/stm32f4xx_hal_gpio.o
 .ARM.attributes
                0x0000041f       0x34 ./Drivers/STM32F4xx_HAL_Driver/Src/stm32f4xx_hal_rcc.o
 .ARM.attributes
                0x00000453       0x34 ./Drivers/STM32F4xx_HAL_Driver/Src/stm32f4xx_hal_tim.o
 .ARM.attributes
                0x00000487       0x34 ./Drivers/STM32F4xx_HAL_Driver/Src/stm32f4xx_hal_tim_ex.o
 .ARM.attributes
                0x000004bb       0x34 ./Drivers/STM32F4xx_HAL_Driver/Src/stm32f4xx_hal_uart.o
 .ARM.attributes
                0x000004ef       0x34 C:/ST/STM32CubeIDE_1.16.0/STM32CubeIDE/plugins/com.st.stm32cube.ide.mcu.externaltools.gnu-tools-for-stm32.12.3.rel1.win32_1.0.200.202406191623/tools/bin/../lib/gcc/arm-none-eabi/12.3.1/../../../../arm-none-eabi/lib/thumb/v7e-m+fp/hard\libc_nano.a(libc_a-memset.o)
 .ARM.attributes
                0x00000523       0x34 C:/ST/STM32CubeIDE_1.16.0/STM32CubeIDE/plugins/com.st.stm32cube.ide.mcu.externaltools.gnu-tools-for-stm32.12.3.rel1.win32_1.0.200.202406191623/tools/bin/../lib/gcc/arm-none-eabi/12.3.1/../../../../arm-none-eabi/lib/thumb/v7e-m+fp/hard\libc_nano.a(libc_a-init.o)
 .ARM.attributes
                0x00000557       0x22 C:/ST/STM32CubeIDE_1.16.0/STM32CubeIDE/plugins/com.st.stm32cube.ide.mcu.externaltools.gnu-tools-for-stm32.12.3.rel1.win32_1.0.200.202406191623/tools/bin/../lib/gcc/arm-none-eabi/12.3.1/thumb/v7e-m+fp/hard\libgcc.a(_arm_addsubdf3.o)
 .ARM.attributes
                0x00000579       0x22 C:/ST/STM32CubeIDE_1.16.0/STM32CubeIDE/plugins/com.st.stm32cube.ide.mcu.externaltools.gnu-tools-for-stm32.12.3.rel1.win32_1.0.200.202406191623/tools/bin/../lib/gcc/arm-none-eabi/12.3.1/thumb/v7e-m+fp/hard\libgcc.a(_arm_muldivdf3.o)
 .ARM.attributes
                0x0000059b       0x22 C:/ST/STM32CubeIDE_1.16.0/STM32CubeIDE/plugins/com.st.stm32cube.ide.mcu.externaltools.gnu-tools-for-stm32.12.3.rel1.win32_1.0.200.202406191623/tools/bin/../lib/gcc/arm-none-eabi/12.3.1/thumb/v7e-m+fp/hard\libgcc.a(_arm_fixunsdfsi.o)
 .ARM.attributes
                0x000005bd       0x22 C:/ST/STM32CubeIDE_1.16.0/STM32CubeIDE/plugins/com.st.stm32cube.ide.mcu.externaltools.gnu-tools-for-stm32.12.3.rel1.win32_1.0.200.202406191623/tools/bin/../lib/gcc/arm-none-eabi/12.3.1/thumb/v7e-m+fp/hard\libgcc.a(_aeabi_uldivmod.o)
 .ARM.attributes
                0x000005df       0x34 C:/ST/STM32CubeIDE_1.16.0/STM32CubeIDE/plugins/com.st.stm32cube.ide.mcu.externaltools.gnu-tools-for-stm32.12.3.rel1.win32_1.0.200.202406191623/tools/bin/../lib/gcc/arm-none-eabi/12.3.1/thumb/v7e-m+fp/hard\libgcc.a(_udivmoddi4.o)
 .ARM.attributes
                0x00000613       0x22 C:/ST/STM32CubeIDE_1.16.0/STM32CubeIDE/plugins/com.st.stm32cube.ide.mcu.externaltools.gnu-tools-for-stm32.12.3.rel1.win32_1.0.200.202406191623/tools/bin/../lib/gcc/arm-none-eabi/12.3.1/thumb/v7e-m+fp/hard\libgcc.a(_dvmd_tls.o)
 .ARM.attributes
                0x00000635       0x22 C:/ST/STM32CubeIDE_1.16.0/STM32CubeIDE/plugins/com.st.stm32cube.ide.mcu.externaltools.gnu-tools-for-stm32.12.3.rel1.win32_1.0.200.202406191623/tools/bin/../lib/gcc/arm-none-eabi/12.3.1/thumb/v7e-m+fp/hard/crtn.o
OUTPUT(Rubber_attach_start.elf elf32-littlearm)
LOAD linker stubs
LOAD C:/ST/STM32CubeIDE_1.16.0/STM32CubeIDE/plugins/com.st.stm32cube.ide.mcu.externaltools.gnu-tools-for-stm32.12.3.rel1.win32_1.0.200.202406191623/tools/bin/../lib/gcc/arm-none-eabi/12.3.1/../../../../arm-none-eabi/lib/thumb/v7e-m+fp/hard\libc.a
LOAD C:/ST/STM32CubeIDE_1.16.0/STM32CubeIDE/plugins/com.st.stm32cube.ide.mcu.externaltools.gnu-tools-for-stm32.12.3.rel1.win32_1.0.200.202406191623/tools/bin/../lib/gcc/arm-none-eabi/12.3.1/../../../../arm-none-eabi/lib/thumb/v7e-m+fp/hard\libm.a
LOAD C:/ST/STM32CubeIDE_1.16.0/STM32CubeIDE/plugins/com.st.stm32cube.ide.mcu.externaltools.gnu-tools-for-stm32.12.3.rel1.win32_1.0.200.202406191623/tools/bin/../lib/gcc/arm-none-eabi/12.3.1/thumb/v7e-m+fp/hard\libgcc.a

.debug_info     0x00000000    0x13828
 .debug_info    0x00000000      0x524 ./Core/Src/IO_Controller.o
 .debug_info    0x00000524      0xb79 ./Core/Src/ScanMap.o
 .debug_info    0x0000109d     0x17ec ./Core/Src/application.o
 .debug_info    0x00002889      0x23e ./Core/Src/common.o
 .debug_info    0x00002ac7      0x388 ./Core/Src/flash.o
 .debug_info    0x00002e4f     0x1735 ./Core/Src/main.o
 .debug_info    0x00004584      0xb4b ./Core/Src/modbusRTU.o
 .debug_info    0x000050cf     0x18c9 ./Core/Src/motor_control.o
 .debug_info    0x00006998     0x1129 ./Core/Src/stm32f4xx_hal_msp.o
 .debug_info    0x00007ac1      0xdf0 ./Core/Src/stm32f4xx_it.o
 .debug_info    0x000088b1      0x512 ./Core/Src/system_stm32f4xx.o
 .debug_info    0x00008dc3      0x135 ./Core/Src/tick.o
 .debug_info    0x00008ef8       0x30 ./Core/Startup/startup_stm32f407vetx.o
 .debug_info    0x00008f28      0x944 ./Drivers/STM32F4xx_HAL_Driver/Src/stm32f4xx_hal.o
 .debug_info    0x0000986c      0xd8c ./Drivers/STM32F4xx_HAL_Driver/Src/stm32f4xx_hal_cortex.o
 .debug_info    0x0000a5f8      0x8e7 ./Drivers/STM32F4xx_HAL_Driver/Src/stm32f4xx_hal_dma.o
 .debug_info    0x0000aedf      0x57d ./Drivers/STM32F4xx_HAL_Driver/Src/stm32f4xx_hal_flash.o
 .debug_info    0x0000b45c      0x67f ./Drivers/STM32F4xx_HAL_Driver/Src/stm32f4xx_hal_flash_ex.o
 .debug_info    0x0000badb      0x6c3 ./Drivers/STM32F4xx_HAL_Driver/Src/stm32f4xx_hal_gpio.o
 .debug_info    0x0000c19e      0x8c3 ./Drivers/STM32F4xx_HAL_Driver/Src/stm32f4xx_hal_rcc.o
 .debug_info    0x0000ca61     0x299d ./Drivers/STM32F4xx_HAL_Driver/Src/stm32f4xx_hal_tim.o
 .debug_info    0x0000f3fe     0x14db ./Drivers/STM32F4xx_HAL_Driver/Src/stm32f4xx_hal_tim_ex.o
 .debug_info    0x000108d9     0x2f4f ./Drivers/STM32F4xx_HAL_Driver/Src/stm32f4xx_hal_uart.o

.debug_abbrev   0x00000000     0x3514
 .debug_abbrev  0x00000000      0x252 ./Core/Src/IO_Controller.o
 .debug_abbrev  0x00000252      0x324 ./Core/Src/ScanMap.o
 .debug_abbrev  0x00000576      0x376 ./Core/Src/application.o
 .debug_abbrev  0x000008ec       0xce ./Core/Src/common.o
 .debug_abbrev  0x000009ba      0x1be ./Core/Src/flash.o
 .debug_abbrev  0x00000b78      0x2dc ./Core/Src/main.o
 .debug_abbrev  0x00000e54      0x27f ./Core/Src/modbusRTU.o
 .debug_abbrev  0x000010d3      0x457 ./Core/Src/motor_control.o
 .debug_abbrev  0x0000152a      0x279 ./Core/Src/stm32f4xx_hal_msp.o
 .debug_abbrev  0x000017a3      0x25a ./Core/Src/stm32f4xx_it.o
 .debug_abbrev  0x000019fd      0x11a ./Core/Src/system_stm32f4xx.o
 .debug_abbrev  0x00001b17       0xdb ./Core/Src/tick.o
 .debug_abbrev  0x00001bf2       0x24 ./Core/Startup/startup_stm32f407vetx.o
 .debug_abbrev  0x00001c16      0x214 ./Drivers/STM32F4xx_HAL_Driver/Src/stm32f4xx_hal.o
 .debug_abbrev  0x00001e2a      0x31d ./Drivers/STM32F4xx_HAL_Driver/Src/stm32f4xx_hal_cortex.o
 .debug_abbrev  0x00002147      0x264 ./Drivers/STM32F4xx_HAL_Driver/Src/stm32f4xx_hal_dma.o
 .debug_abbrev  0x000023ab      0x28c ./Drivers/STM32F4xx_HAL_Driver/Src/stm32f4xx_hal_flash.o
 .debug_abbrev  0x00002637      0x249 ./Drivers/STM32F4xx_HAL_Driver/Src/stm32f4xx_hal_flash_ex.o
 .debug_abbrev  0x00002880      0x1d4 ./Drivers/STM32F4xx_HAL_Driver/Src/stm32f4xx_hal_gpio.o
 .debug_abbrev  0x00002a54      0x2b7 ./Drivers/STM32F4xx_HAL_Driver/Src/stm32f4xx_hal_rcc.o
 .debug_abbrev  0x00002d0b      0x278 ./Drivers/STM32F4xx_HAL_Driver/Src/stm32f4xx_hal_tim.o
 .debug_abbrev  0x00002f83      0x283 ./Drivers/STM32F4xx_HAL_Driver/Src/stm32f4xx_hal_tim_ex.o
 .debug_abbrev  0x00003206      0x30e ./Drivers/STM32F4xx_HAL_Driver/Src/stm32f4xx_hal_uart.o

.debug_aranges  0x00000000     0x1268
 .debug_aranges
                0x00000000       0x58 ./Core/Src/IO_Controller.o
 .debug_aranges
                0x00000058       0x40 ./Core/Src/ScanMap.o
 .debug_aranges
                0x00000098       0x98 ./Core/Src/application.o
 .debug_aranges
                0x00000130       0x30 ./Core/Src/common.o
 .debug_aranges
                0x00000160       0x30 ./Core/Src/flash.o
 .debug_aranges
                0x00000190       0x88 ./Core/Src/main.o
 .debug_aranges
                0x00000218       0x78 ./Core/Src/modbusRTU.o
 .debug_aranges
                0x00000290      0x230 ./Core/Src/motor_control.o
 .debug_aranges
                0x000004c0       0x58 ./Core/Src/stm32f4xx_hal_msp.o
 .debug_aranges
                0x00000518       0xd0 ./Core/Src/stm32f4xx_it.o
 .debug_aranges
                0x000005e8       0x28 ./Core/Src/system_stm32f4xx.o
 .debug_aranges
                0x00000610       0x28 ./Core/Src/tick.o
 .debug_aranges
                0x00000638       0x28 ./Core/Startup/startup_stm32f407vetx.o
 .debug_aranges
                0x00000660       0xf0 ./Drivers/STM32F4xx_HAL_Driver/Src/stm32f4xx_hal.o
 .debug_aranges
                0x00000750      0x130 ./Drivers/STM32F4xx_HAL_Driver/Src/stm32f4xx_hal_cortex.o
 .debug_aranges
                0x00000880       0x90 ./Drivers/STM32F4xx_HAL_Driver/Src/stm32f4xx_hal_dma.o
 .debug_aranges
                0x00000910       0xa0 ./Drivers/STM32F4xx_HAL_Driver/Src/stm32f4xx_hal_flash.o
 .debug_aranges
                0x000009b0       0x98 ./Drivers/STM32F4xx_HAL_Driver/Src/stm32f4xx_hal_flash_ex.o
 .debug_aranges
                0x00000a48       0x58 ./Drivers/STM32F4xx_HAL_Driver/Src/stm32f4xx_hal_gpio.o
 .debug_aranges
                0x00000aa0       0x88 ./Drivers/STM32F4xx_HAL_Driver/Src/stm32f4xx_hal_rcc.o
 .debug_aranges
                0x00000b28      0x3d0 ./Drivers/STM32F4xx_HAL_Driver/Src/stm32f4xx_hal_tim.o
 .debug_aranges
                0x00000ef8      0x168 ./Drivers/STM32F4xx_HAL_Driver/Src/stm32f4xx_hal_tim_ex.o
 .debug_aranges
                0x00001060      0x208 ./Drivers/STM32F4xx_HAL_Driver/Src/stm32f4xx_hal_uart.o

.debug_rnglists
                0x00000000      0xe6b
 .debug_rnglists
                0x00000000       0x68 ./Core/Src/IO_Controller.o
 .debug_rnglists
                0x00000068       0x2f ./Core/Src/ScanMap.o
 .debug_rnglists
                0x00000097       0x71 ./Core/Src/application.o
 .debug_rnglists
                0x00000108       0x1f ./Core/Src/common.o
 .debug_rnglists
                0x00000127       0x21 ./Core/Src/flash.o
 .debug_rnglists
                0x00000148       0x68 ./Core/Src/main.o
 .debug_rnglists
                0x000001b0       0x5e ./Core/Src/modbusRTU.o
 .debug_rnglists
                0x0000020e      0x1ac ./Core/Src/motor_control.o
 .debug_rnglists
                0x000003ba       0x42 ./Core/Src/stm32f4xx_hal_msp.o
 .debug_rnglists
                0x000003fc       0x9a ./Core/Src/stm32f4xx_it.o
 .debug_rnglists
                0x00000496       0x1a ./Core/Src/system_stm32f4xx.o
 .debug_rnglists
                0x000004b0       0x19 ./Core/Src/tick.o
 .debug_rnglists
                0x000004c9       0x19 ./Core/Startup/startup_stm32f407vetx.o
 .debug_rnglists
                0x000004e2       0xaf ./Drivers/STM32F4xx_HAL_Driver/Src/stm32f4xx_hal.o
 .debug_rnglists
                0x00000591       0xe0 ./Drivers/STM32F4xx_HAL_Driver/Src/stm32f4xx_hal_cortex.o
 .debug_rnglists
                0x00000671       0x70 ./Drivers/STM32F4xx_HAL_Driver/Src/stm32f4xx_hal_dma.o
 .debug_rnglists
                0x000006e1       0x78 ./Drivers/STM32F4xx_HAL_Driver/Src/stm32f4xx_hal_flash.o
 .debug_rnglists
                0x00000759       0x72 ./Drivers/STM32F4xx_HAL_Driver/Src/stm32f4xx_hal_flash_ex.o
 .debug_rnglists
                0x000007cb       0x3f ./Drivers/STM32F4xx_HAL_Driver/Src/stm32f4xx_hal_gpio.o
 .debug_rnglists
                0x0000080a       0x66 ./Drivers/STM32F4xx_HAL_Driver/Src/stm32f4xx_hal_rcc.o
 .debug_rnglists
                0x00000870      0x31a ./Drivers/STM32F4xx_HAL_Driver/Src/stm32f4xx_hal_tim.o
 .debug_rnglists
                0x00000b8a      0x125 ./Drivers/STM32F4xx_HAL_Driver/Src/stm32f4xx_hal_tim_ex.o
 .debug_rnglists
                0x00000caf      0x1bc ./Drivers/STM32F4xx_HAL_Driver/Src/stm32f4xx_hal_uart.o

.debug_macro    0x00000000    0x237ec
 .debug_macro   0x00000000      0x379 ./Core/Src/IO_Controller.o
 .debug_macro   0x00000379      0xab4 ./Core/Src/IO_Controller.o
 .debug_macro   0x00000e2d      0x29b ./Core/Src/IO_Controller.o
 .debug_macro   0x000010c8       0x2e ./Core/Src/IO_Controller.o
 .debug_macro   0x000010f6       0x2f ./Core/Src/IO_Controller.o
 .debug_macro   0x00001125       0x22 ./Core/Src/IO_Controller.o
 .debug_macro   0x00001147       0x8e ./Core/Src/IO_Controller.o
 .debug_macro   0x000011d5       0x51 ./Core/Src/IO_Controller.o
 .debug_macro   0x00001226      0x103 ./Core/Src/IO_Controller.o
 .debug_macro   0x00001329       0x6a ./Core/Src/IO_Controller.o
 .debug_macro   0x00001393      0x1df ./Core/Src/IO_Controller.o
 .debug_macro   0x00001572       0x1c ./Core/Src/IO_Controller.o
 .debug_macro   0x0000158e       0x22 ./Core/Src/IO_Controller.o
 .debug_macro   0x000015b0       0xfb ./Core/Src/IO_Controller.o
 .debug_macro   0x000016ab     0x1011 ./Core/Src/IO_Controller.o
 .debug_macro   0x000026bc      0x11f ./Core/Src/IO_Controller.o
 .debug_macro   0x000027db    0x15ea5 ./Core/Src/IO_Controller.o
 .debug_macro   0x00018680       0x6d ./Core/Src/IO_Controller.o
 .debug_macro   0x000186ed     0x3693 ./Core/Src/IO_Controller.o
 .debug_macro   0x0001bd80      0x189 ./Core/Src/IO_Controller.o
 .debug_macro   0x0001bf09       0x5c ./Core/Src/IO_Controller.o
 .debug_macro   0x0001bf65      0x980 ./Core/Src/IO_Controller.o
 .debug_macro   0x0001c8e5      0x9e9 ./Core/Src/IO_Controller.o
 .debug_macro   0x0001d2ce      0x115 ./Core/Src/IO_Controller.o
 .debug_macro   0x0001d3e3      0x13e ./Core/Src/IO_Controller.o
 .debug_macro   0x0001d521       0xa5 ./Core/Src/IO_Controller.o
 .debug_macro   0x0001d5c6      0x174 ./Core/Src/IO_Controller.o
 .debug_macro   0x0001d73a      0x287 ./Core/Src/IO_Controller.o
 .debug_macro   0x0001d9c1       0x5f ./Core/Src/IO_Controller.o
 .debug_macro   0x0001da20      0x236 ./Core/Src/IO_Controller.o
 .debug_macro   0x0001dc56      0x12c ./Core/Src/IO_Controller.o
 .debug_macro   0x0001dd82      0x21e ./Core/Src/IO_Controller.o
 .debug_macro   0x0001dfa0       0x2e ./Core/Src/IO_Controller.o
 .debug_macro   0x0001dfce      0x127 ./Core/Src/IO_Controller.o
 .debug_macro   0x0001e0f5       0x7e ./Core/Src/IO_Controller.o
 .debug_macro   0x0001e173       0x89 ./Core/Src/IO_Controller.o
 .debug_macro   0x0001e1fc      0x8ed ./Core/Src/IO_Controller.o
 .debug_macro   0x0001eae9       0x4d ./Core/Src/IO_Controller.o
 .debug_macro   0x0001eb36      0x2aa ./Core/Src/IO_Controller.o
 .debug_macro   0x0001ede0      0x12d ./Core/Src/IO_Controller.o
 .debug_macro   0x0001ef0d      0x20e ./Core/Src/IO_Controller.o
 .debug_macro   0x0001f11b       0x61 ./Core/Src/IO_Controller.o
 .debug_macro   0x0001f17c       0x2a ./Core/Src/IO_Controller.o
 .debug_macro   0x0001f1a6       0x43 ./Core/Src/IO_Controller.o
 .debug_macro   0x0001f1e9       0x34 ./Core/Src/IO_Controller.o
 .debug_macro   0x0001f21d       0x16 ./Core/Src/IO_Controller.o
 .debug_macro   0x0001f233       0x43 ./Core/Src/IO_Controller.o
 .debug_macro   0x0001f276       0x34 ./Core/Src/IO_Controller.o
 .debug_macro   0x0001f2aa       0x10 ./Core/Src/IO_Controller.o
 .debug_macro   0x0001f2ba       0x58 ./Core/Src/IO_Controller.o
 .debug_macro   0x0001f312       0x8e ./Core/Src/IO_Controller.o
 .debug_macro   0x0001f3a0       0x1c ./Core/Src/IO_Controller.o
 .debug_macro   0x0001f3bc      0x177 ./Core/Src/IO_Controller.o
 .debug_macro   0x0001f533      0x369 ./Core/Src/IO_Controller.o
 .debug_macro   0x0001f89c       0x10 ./Core/Src/IO_Controller.o
 .debug_macro   0x0001f8ac       0x35 ./Core/Src/IO_Controller.o
 .debug_macro   0x0001f8e1       0x20 ./Core/Src/IO_Controller.o
 .debug_macro   0x0001f901       0x34 ./Core/Src/IO_Controller.o
 .debug_macro   0x0001f935      0x19b ./Core/Src/IO_Controller.o
 .debug_macro   0x0001fad0       0x1c ./Core/Src/IO_Controller.o
 .debug_macro   0x0001faec       0x10 ./Core/Src/IO_Controller.o
 .debug_macro   0x0001fafc       0x1c ./Core/Src/IO_Controller.o
 .debug_macro   0x0001fb18       0x16 ./Core/Src/IO_Controller.o
 .debug_macro   0x0001fb2e      0x146 ./Core/Src/IO_Controller.o
 .debug_macro   0x0001fc74       0x22 ./Core/Src/IO_Controller.o
 .debug_macro   0x0001fc96      0x1ea ./Core/Src/IO_Controller.o
 .debug_macro   0x0001fe80      0x5c9 ./Core/Src/IO_Controller.o
 .debug_macro   0x00020449       0x22 ./Core/Src/IO_Controller.o
 .debug_macro   0x0002046b       0x64 ./Core/Src/IO_Controller.o
 .debug_macro   0x000204cf       0x94 ./Core/Src/IO_Controller.o
 .debug_macro   0x00020563      0x391 ./Core/Src/ScanMap.o
 .debug_macro   0x000208f4      0x369 ./Core/Src/application.o
 .debug_macro   0x00020c5d      0x214 ./Core/Src/application.o
 .debug_macro   0x00020e71       0x9a ./Core/Src/application.o
 .debug_macro   0x00020f0b       0x6d ./Core/Src/common.o
 .debug_macro   0x00020f78      0x2f0 ./Core/Src/flash.o
 .debug_macro   0x00021268       0x5b ./Core/Src/flash.o
 .debug_macro   0x000212c3       0x94 ./Core/Src/flash.o
 .debug_macro   0x00021357       0x57 ./Core/Src/flash.o
 .debug_macro   0x000213ae       0x56 ./Core/Src/flash.o
 .debug_macro   0x00021404      0x373 ./Core/Src/main.o
 .debug_macro   0x00021777      0x2ab ./Core/Src/modbusRTU.o
 .debug_macro   0x00021a22      0x383 ./Core/Src/motor_control.o
 .debug_macro   0x00021da5      0x1dd ./Core/Src/stm32f4xx_hal_msp.o
 .debug_macro   0x00021f82      0x385 ./Core/Src/stm32f4xx_it.o
 .debug_macro   0x00022307      0x1ce ./Core/Src/system_stm32f4xx.o
 .debug_macro   0x000224d5       0x6d ./Core/Src/tick.o
 .debug_macro   0x00022542      0x22e ./Drivers/STM32F4xx_HAL_Driver/Src/stm32f4xx_hal.o
 .debug_macro   0x00022770      0x1ce ./Drivers/STM32F4xx_HAL_Driver/Src/stm32f4xx_hal_cortex.o
 .debug_macro   0x0002293e      0x1d4 ./Drivers/STM32F4xx_HAL_Driver/Src/stm32f4xx_hal_dma.o
 .debug_macro   0x00022b12      0x1d4 ./Drivers/STM32F4xx_HAL_Driver/Src/stm32f4xx_hal_flash.o
 .debug_macro   0x00022ce6      0x1d4 ./Drivers/STM32F4xx_HAL_Driver/Src/stm32f4xx_hal_flash_ex.o
 .debug_macro   0x00022eba      0x1d4 ./Drivers/STM32F4xx_HAL_Driver/Src/stm32f4xx_hal_gpio.o
 .debug_macro   0x0002308e      0x1f2 ./Drivers/STM32F4xx_HAL_Driver/Src/stm32f4xx_hal_rcc.o
 .debug_macro   0x00023280      0x1cf ./Drivers/STM32F4xx_HAL_Driver/Src/stm32f4xx_hal_tim.o
 .debug_macro   0x0002344f      0x1ce ./Drivers/STM32F4xx_HAL_Driver/Src/stm32f4xx_hal_tim_ex.o
 .debug_macro   0x0002361d      0x1cf ./Drivers/STM32F4xx_HAL_Driver/Src/stm32f4xx_hal_uart.o

.debug_line     0x00000000    0x16273
 .debug_line    0x00000000      0xd5a ./Core/Src/IO_Controller.o
 .debug_line    0x00000d5a      0xfdd ./Core/Src/ScanMap.o
 .debug_line    0x00001d37      0xc4e ./Core/Src/application.o
 .debug_line    0x00002985      0x512 ./Core/Src/common.o
 .debug_line    0x00002e97      0xa0e ./Core/Src/flash.o
 .debug_line    0x000038a5      0xdaf ./Core/Src/main.o
 .debug_line    0x00004654      0xf54 ./Core/Src/modbusRTU.o
 .debug_line    0x000055a8     0x1895 ./Core/Src/motor_control.o
 .debug_line    0x00006e3d      0x977 ./Core/Src/stm32f4xx_hal_msp.o
 .debug_line    0x000077b4      0xc59 ./Core/Src/stm32f4xx_it.o
 .debug_line    0x0000840d      0x7c4 ./Core/Src/system_stm32f4xx.o
 .debug_line    0x00008bd1      0x460 ./Core/Src/tick.o
 .debug_line    0x00009031       0x7a ./Core/Startup/startup_stm32f407vetx.o
 .debug_line    0x000090ab      0xa3c ./Drivers/STM32F4xx_HAL_Driver/Src/stm32f4xx_hal.o
 .debug_line    0x00009ae7      0xd2e ./Drivers/STM32F4xx_HAL_Driver/Src/stm32f4xx_hal_cortex.o
 .debug_line    0x0000a815      0xfac ./Drivers/STM32F4xx_HAL_Driver/Src/stm32f4xx_hal_dma.o
 .debug_line    0x0000b7c1      0xaed ./Drivers/STM32F4xx_HAL_Driver/Src/stm32f4xx_hal_flash.o
 .debug_line    0x0000c2ae      0xaed ./Drivers/STM32F4xx_HAL_Driver/Src/stm32f4xx_hal_flash_ex.o
 .debug_line    0x0000cd9b      0xbc8 ./Drivers/STM32F4xx_HAL_Driver/Src/stm32f4xx_hal_gpio.o
 .debug_line    0x0000d963      0xdc7 ./Drivers/STM32F4xx_HAL_Driver/Src/stm32f4xx_hal_rcc.o
 .debug_line    0x0000e72a     0x37d8 ./Drivers/STM32F4xx_HAL_Driver/Src/stm32f4xx_hal_tim.o
 .debug_line    0x00011f02     0x1a32 ./Drivers/STM32F4xx_HAL_Driver/Src/stm32f4xx_hal_tim_ex.o
 .debug_line    0x00013934     0x293f ./Drivers/STM32F4xx_HAL_Driver/Src/stm32f4xx_hal_uart.o

.debug_str      0x00000000    0xd187a
 .debug_str     0x00000000    0xcc9f9 ./Core/Src/IO_Controller.o
                              0xcd298 (size before relaxing)
 .debug_str     0x000cc9f9      0x3b6 ./Core/Src/ScanMap.o
                              0xcd5ea (size before relaxing)
 .debug_str     0x000ccdaf     0x10d2 ./Core/Src/application.o
                              0xce4df (size before relaxing)
 .debug_str     0x000cde81       0x43 ./Core/Src/common.o
                               0x3d9b (size before relaxing)
 .debug_str     0x000cdec4      0x17e ./Core/Src/flash.o
                              0xc8773 (size before relaxing)
 .debug_str     0x000ce042      0x5af ./Core/Src/main.o
                              0xce371 (size before relaxing)
 .debug_str     0x000ce5f1      0x174 ./Core/Src/modbusRTU.o
                              0xc7658 (size before relaxing)
 .debug_str     0x000ce765      0x2e3 ./Core/Src/motor_control.o
                              0xce3d8 (size before relaxing)
 .debug_str     0x000cea48       0xea ./Core/Src/stm32f4xx_hal_msp.o
                              0xc551e (size before relaxing)
 .debug_str     0x000ceb32      0x23b ./Core/Src/stm32f4xx_it.o
                              0xcdb97 (size before relaxing)
 .debug_str     0x000ced6d       0x87 ./Core/Src/system_stm32f4xx.o
                              0xc3fa9 (size before relaxing)
 .debug_str     0x000cedf4       0x2b ./Core/Src/tick.o
                               0x3d70 (size before relaxing)
 .debug_str     0x000cee1f       0x44 ./Core/Startup/startup_stm32f407vetx.o
                                 0x7d (size before relaxing)
 .debug_str     0x000cee63      0x5ea ./Drivers/STM32F4xx_HAL_Driver/Src/stm32f4xx_hal.o
                              0xc4b2d (size before relaxing)
 .debug_str     0x000cf44d      0x365 ./Drivers/STM32F4xx_HAL_Driver/Src/stm32f4xx_hal_cortex.o
                              0xc48a9 (size before relaxing)
 .debug_str     0x000cf7b2      0x2f4 ./Drivers/STM32F4xx_HAL_Driver/Src/stm32f4xx_hal_dma.o
                              0xc43c3 (size before relaxing)
 .debug_str     0x000cfaa6      0x27e ./Drivers/STM32F4xx_HAL_Driver/Src/stm32f4xx_hal_flash.o
                              0xc4199 (size before relaxing)
 .debug_str     0x000cfd24      0x1d1 ./Drivers/STM32F4xx_HAL_Driver/Src/stm32f4xx_hal_flash_ex.o
                              0xc41e9 (size before relaxing)
 .debug_str     0x000cfef5       0xc4 ./Drivers/STM32F4xx_HAL_Driver/Src/stm32f4xx_hal_gpio.o
                              0xc4124 (size before relaxing)
 .debug_str     0x000cffb9      0x228 ./Drivers/STM32F4xx_HAL_Driver/Src/stm32f4xx_hal_rcc.o
                              0xc43dd (size before relaxing)
 .debug_str     0x000d01e1      0xd0b ./Drivers/STM32F4xx_HAL_Driver/Src/stm32f4xx_hal_tim.o
                              0xc5333 (size before relaxing)
 .debug_str     0x000d0eec      0x3e1 ./Drivers/STM32F4xx_HAL_Driver/Src/stm32f4xx_hal_tim_ex.o
                              0xc4b3f (size before relaxing)
 .debug_str     0x000d12cd      0x5ad ./Drivers/STM32F4xx_HAL_Driver/Src/stm32f4xx_hal_uart.o
                              0xc49be (size before relaxing)

.comment        0x00000000       0x43
 .comment       0x00000000       0x43 ./Core/Src/IO_Controller.o
                                 0x44 (size before relaxing)
 .comment       0x00000043       0x44 ./Core/Src/ScanMap.o
 .comment       0x00000043       0x44 ./Core/Src/application.o
 .comment       0x00000043       0x44 ./Core/Src/common.o
 .comment       0x00000043       0x44 ./Core/Src/flash.o
 .comment       0x00000043       0x44 ./Core/Src/main.o
 .comment       0x00000043       0x44 ./Core/Src/modbusRTU.o
 .comment       0x00000043       0x44 ./Core/Src/motor_control.o
 .comment       0x00000043       0x44 ./Core/Src/stm32f4xx_hal_msp.o
 .comment       0x00000043       0x44 ./Core/Src/stm32f4xx_it.o