../Drivers/CMSIS/Include/core_cm4.h:1938:34:__NVIC_SystemReset	4	static,ignoring_inline_asm
../Core/Src/application.c:76:6:application_init	8	static
../Core/Src/application.c:98:6:Try_go_home	8	static
../Core/Src/application.c:126:6:Handle_popup	16	static
../Core/Src/application.c:136:6:Handle_main	16	static
../Core/Src/application.c:145:6:Handle_motor	16	static
../Core/Src/application.c:154:6:Handle_setting	4	static
../Core/Src/application.c:159:6:Handle_reset	4	static
../Core/Src/application.c:163:6:Handle_start	8	static
../Core/Src/application.c:168:6:Handle_stop	4	static
../Core/Src/application.c:172:6:Popup_handle_next	4	static
../Core/Src/application.c:178:6:Popup_handle_stop	4	static
../Core/Src/application.c:184:6:task_timer6	8	static
../Core/Src/application.c:198:6:task_timer7	8	static
../Core/Src/application.c:214:6:application_run_main	8	static
../Core/Src/application.c:227:6:HAL_GPIO_EXTI_Callback	16	static
