../Core/Src/motor_control.c:75:6:Set_Speed_Motor_x	16	static
../Core/Src/motor_control.c:80:6:Set_Speed_Motor_y	16	static
../Core/Src/motor_control.c:85:6:Set_Speed_Motor_z	16	static
../Core/Src/motor_control.c:92:6:excute_move_x_left	8	static
../Core/Src/motor_control.c:96:6:excute_move_x_right	8	static
../Core/Src/motor_control.c:100:6:excute_move_y_forward	8	static
../Core/Src/motor_control.c:104:6:excute_move_y_backward	8	static
../Core/Src/motor_control.c:108:6:excute_move_z_up	8	static
../Core/Src/motor_control.c:112:6:excute_move_z_down	8	static
../Core/Src/motor_control.c:118:6:move_x_left	16	static
../Core/Src/motor_control.c:126:6:move_x_right	16	static
../Core/Src/motor_control.c:133:6:move_y_forward	16	static
../Core/Src/motor_control.c:140:6:move_y_backward	16	static
../Core/Src/motor_control.c:147:6:move_z_up	16	static
../Core/Src/motor_control.c:154:6:move_z_down	16	static
../Core/Src/motor_control.c:161:24:abs_diff_u16	16	static
../Core/Src/motor_control.c:167:6:move_axis	24	static
../Core/Src/motor_control.c:216:6:move_axis1	24	static
../Core/Src/motor_control.c:264:6:Control_motor_x	8	static
../Core/Src/motor_control.c:300:6:Control_motor_y	8	static
../Core/Src/motor_control.c:334:6:Control_motor_z	8	static
../Core/Src/motor_control.c:370:6:Stop_motor_x	8	static
../Core/Src/motor_control.c:398:6:Stop_motor_y	8	static
../Core/Src/motor_control.c:424:6:Stop_motor_z	8	static
../Core/Src/motor_control.c:449:20:AllAxisStop	4	static
../Core/Src/motor_control.c:456:6:wait_handler_stop	8	static,ignoring_inline_asm
../Core/Src/motor_control.c:463:7:Set_HMI_X_Axis	16	static
../Core/Src/motor_control.c:467:7:Set_HMI_Y_Axis	16	static
../Core/Src/motor_control.c:471:6:Set_HMI_Z_Axis	16	static
../Core/Src/motor_control.c:476:10:Get_HMI_X_Axis	4	static
../Core/Src/motor_control.c:479:10:Get_HMI_Y_Axis	4	static
../Core/Src/motor_control.c:482:10:Get_HMI_Z_Axis	4	static
../Core/Src/motor_control.c:487:9:get_coil	24	static
../Core/Src/motor_control.c:500:6:Handle_X_Left	8	static
../Core/Src/motor_control.c:510:6:Handle_X_Right	8	static
../Core/Src/motor_control.c:521:6:Handle_Y_Forward	8	static
../Core/Src/motor_control.c:531:6:Handle_Y_Backward	8	static
../Core/Src/motor_control.c:541:6:Handle_Z_Up	8	static
../Core/Src/motor_control.c:551:6:Handle_Z_Down	8	static
../Core/Src/motor_control.c:563:6:Handle_Set	16	static
../Core/Src/motor_control.c:569:6:Handle_Home	8	static
../Core/Src/motor_control.c:606:6:Handle_pick_handler1	8	static
../Core/Src/motor_control.c:612:6:Handle_release_handler1	8	static
../Core/Src/motor_control.c:618:6:Handle_pick_handler2	8	static
../Core/Src/motor_control.c:624:6:Handle_release_handler2	8	static
../Core/Src/motor_control.c:630:6:Handle_save1	8	static
../Core/Src/motor_control.c:662:6:Handle_save2	8	static
../Core/Src/motor_control.c:693:6:Handle_save3	8	static
../Core/Src/motor_control.c:723:6:Handle_load	16	static
../Core/Src/motor_control.c:740:6:Handle_tray_rubber_p1	4	static
../Core/Src/motor_control.c:745:6:Handle_tray_rubber_p2	4	static
../Core/Src/motor_control.c:750:6:Handle_tray_rubber_p3	4	static
../Core/Src/motor_control.c:755:6:Handle_tray1_p1	4	static
../Core/Src/motor_control.c:760:6:Handle_tray1_p2	4	static
../Core/Src/motor_control.c:765:6:Handle_tray1_p3	4	static
../Core/Src/motor_control.c:770:6:Handle_tray2_p1	4	static
../Core/Src/motor_control.c:775:6:Handle_tray2_p2	4	static
../Core/Src/motor_control.c:780:6:Handle_tray2_p3	4	static
../Core/Src/motor_control.c:786:6:Move_tray_rubber_p1	8	static
../Core/Src/motor_control.c:791:6:Move_tray_rubber_p2	8	static
../Core/Src/motor_control.c:796:6:Move_tray_rubber_p3	8	static
../Core/Src/motor_control.c:801:6:Move_tray1_p1	8	static
../Core/Src/motor_control.c:806:6:Move_tray1_p2	8	static
../Core/Src/motor_control.c:811:6:Move_tray1_p3	8	static
../Core/Src/motor_control.c:816:6:Move_tray2_p1	8	static
../Core/Src/motor_control.c:821:6:Move_tray2_p2	8	static
../Core/Src/motor_control.c:826:6:Move_tray2_p3	8	static
