../Core/Src/main.c:84:5:main	8	static
../Core/Src/main.c:175:6:SystemClock_Config	88	static
../Core/Src/main.c:222:13:MX_TIM1_Init	80	static
../Core/Src/main.c:287:13:MX_TIM2_Init	40	static
../Core/Src/main.c:333:13:MX_TIM3_Init	48	static
../Core/Src/main.c:382:13:MX_TIM5_Init	40	static
../Core/Src/main.c:428:13:MX_TIM6_Init	16	static
../Core/Src/main.c:466:13:MX_TIM7_Init	16	static
../Core/Src/main.c:504:13:MX_TIM8_Init	80	static
../Core/Src/main.c:569:13:MX_TIM9_Init	32	static
../Core/Src/main.c:608:13:MX_USART2_UART_Init	8	static
../Core/Src/main.c:641:13:MX_GPIO_Init	56	static
../Core/Src/main.c:754:6:Error_Handler	4	static,ignoring_inline_asm
