../Core/Src/main.c:87:5:main	8	static
../Core/Src/main.c:179:6:SystemClock_Config	88	static
../Core/Src/main.c:226:13:MX_TIM1_Init	80	static
../Core/Src/main.c:291:13:MX_TIM2_Init	40	static
../Core/Src/main.c:337:13:MX_TIM3_Init	48	static
../Core/Src/main.c:386:13:MX_TIM5_Init	40	static
../Core/Src/main.c:432:13:MX_TIM6_Init	16	static
../Core/Src/main.c:470:13:MX_TIM7_Init	16	static
../Core/Src/main.c:508:13:MX_TIM8_Init	80	static
../Core/Src/main.c:573:13:MX_TIM9_Init	32	static
../Core/Src/main.c:612:13:MX_USART2_UART_Init	8	static
../Core/Src/main.c:643:13:MX_DMA_Init	16	static
../Core/Src/main.c:661:13:MX_GPIO_Init	56	static
../Core/Src/main.c:774:6:Error_Handler	4	static,ignoring_inline_asm
