../Core/Src/motor_control.c:48:6:Set_Speed_Motor_x	16	static
../Core/Src/motor_control.c:55:6:Set_Speed_Motor_y	16	static
../Core/Src/motor_control.c:62:6:Set_Speed_Motor_z	16	static
../Core/Src/motor_control.c:71:6:excute_move_x_left	8	static
../Core/Src/motor_control.c:75:6:excute_move_x_right	8	static
../Core/Src/motor_control.c:79:6:excute_move_y_forward	8	static
../Core/Src/motor_control.c:83:6:excute_move_y_backward	8	static
../Core/Src/motor_control.c:87:6:excute_move_z_up	8	static
../Core/Src/motor_control.c:91:6:excute_move_z_down	8	static
../Core/Src/motor_control.c:97:6:move_x_left	16	static
../Core/Src/motor_control.c:111:6:move_x_right	16	static
../Core/Src/motor_control.c:124:6:move_y_forward	16	static
../Core/Src/motor_control.c:134:6:move_y_backward	16	static
../Core/Src/motor_control.c:144:6:move_z_up	16	static
../Core/Src/motor_control.c:154:6:move_z_down	16	static
../Core/Src/motor_control.c:164:6:move_axis	16	static
../Core/Src/motor_control.c:199:7:Set_HMI_X_Axis	16	static
../Core/Src/motor_control.c:202:7:Set_HMI_Y_Axis	16	static
../Core/Src/motor_control.c:205:6:Set_HMI_Z_Axis	16	static
../Core/Src/motor_control.c:209:10:Get_HMI_X_Axis	4	static
../Core/Src/motor_control.c:212:10:Get_HMI_Y_Axis	4	static
../Core/Src/motor_control.c:215:10:Get_HMI_Z_Axis	4	static
../Core/Src/motor_control.c:220:9:get_coil	24	static
../Core/Src/motor_control.c:233:6:Handle_X_Left	8	static
../Core/Src/motor_control.c:243:6:Handle_X_Right	8	static
../Core/Src/motor_control.c:254:6:Handle_Y_Forward	8	static
../Core/Src/motor_control.c:264:6:Handle_Y_Backward	8	static
../Core/Src/motor_control.c:274:6:Handle_Z_Up	8	static
../Core/Src/motor_control.c:284:6:Handle_Z_Down	8	static
../Core/Src/motor_control.c:296:6:Handle_Set	16	static
../Core/Src/motor_control.c:302:6:Handle_Home	8	static
../Core/Src/motor_control.c:330:6:Control_motor_x	8	static
../Core/Src/motor_control.c:363:6:Stop_motor_x	8	static
../Core/Src/motor_control.c:380:6:Control_motor_y	8	static
../Core/Src/motor_control.c:412:6:Control_motor_z	8	static
../Core/Src/motor_control.c:448:6:Stop_motor_y	8	static
../Core/Src/motor_control.c:465:6:Stop_motor_z	8	static
