../Core/Src/stm32f4xx_it.c:77:6:NMI_Handler	4	static
../Core/Src/stm32f4xx_it.c:92:6:HardFault_Handler	4	static
../Core/Src/stm32f4xx_it.c:107:6:MemManage_Handler	4	static
../Core/Src/stm32f4xx_it.c:122:6:BusFault_Handler	4	static
../Core/Src/stm32f4xx_it.c:137:6:UsageFault_Handler	4	static
../Core/Src/stm32f4xx_it.c:152:6:SVC_Handler	4	static
../Core/Src/stm32f4xx_it.c:165:6:DebugMon_Handler	4	static
../Core/Src/stm32f4xx_it.c:178:6:PendSV_Handler	4	static
../Core/Src/stm32f4xx_it.c:191:6:SysTick_Handler	8	static
../Core/Src/stm32f4xx_it.c:212:6:EXTI0_IRQHandler	8	static
../Core/Src/stm32f4xx_it.c:246:6:EXTI1_IRQHandler	8	static
../Core/Src/stm32f4xx_it.c:280:6:EXTI2_IRQHandler	8	static
../Core/Src/stm32f4xx_it.c:314:6:TIM1_BRK_TIM9_IRQHandler	8	static
../Core/Src/stm32f4xx_it.c:331:6:TIM2_IRQHandler	8	static
../Core/Src/stm32f4xx_it.c:347:6:USART2_IRQHandler	8	static
../Core/Src/stm32f4xx_it.c:361:6:TIM5_IRQHandler	8	static
../Core/Src/stm32f4xx_it.c:377:6:TIM6_DAC_IRQHandler	8	static
../Core/Src/stm32f4xx_it.c:391:6:TIM7_IRQHandler	8	static
